[00:06:39] [main/INFO]: Loading Minecraft 1.21.5 with Fabric Loader 0.19.3
[00:06:39] [main/INFO]: Loading 71 mods:
	- appleskin 3.0.6+mc1.21.5
	   \-- cloth-config 18.0.145
	        \-- cloth-basic-math 0.6.1
	- controlling 23.0.2
	- fabric-api 0.128.2+1.21.5
	   |-- fabric-api-base 0.4.62+73a52b4b49
	   |-- fabric-api-lookup-api-v1 1.6.96+86c3a9f149
	   |-- fabric-biome-api-v1 16.0.7+2dd063df49
	   |-- fabric-block-api-v1 1.1.0+ed91556f49
	   |-- fabric-block-view-api-v2 1.0.26+aa6d566c49
	   |-- fabric-blockrenderlayer-v1 2.0.16+86c3a9f149
	   |-- fabric-client-tags-api-v1 1.1.37+86c3a9f149
	   |-- fabric-command-api-v1 1.2.70+f71b366f49
	   |-- fabric-command-api-v2 2.2.49+73a52b4b49
	   |-- fabric-commands-v0 0.2.87+df3654b349
	   |-- fabric-content-registries-v0 10.0.14+3e6c1f7d49
	   |-- fabric-convention-tags-v1 2.1.33+7f945d5b49
	   |-- fabric-convention-tags-v2 2.15.2+6d9989f349
	   |-- fabric-crash-report-info-v1 0.3.12+86c3a9f149
	   |-- fabric-data-attachment-api-v1 1.8.5+6d9989f349
	   |-- fabric-data-generation-api-v1 22.5.2+a0fab30c49
	   |-- fabric-dimensions-v1 4.0.17+3e6c1f7d49
	   |-- fabric-entity-events-v1 2.1.0+3ce7866349
	   |-- fabric-events-interaction-v0 4.0.15+64e3057949
	   |-- fabric-game-rule-api-v1 1.0.70+c327076a49
	   |-- fabric-item-api-v1 11.5.0+0620fe4749
	   |-- fabric-item-group-api-v1 4.2.9+3459fc6149
	   |-- fabric-key-binding-api-v1 1.0.63+ecf51cdc49
	   |-- fabric-keybindings-v0 0.2.61+df3654b349
	   |-- fabric-lifecycle-events-v1 2.6.0+230071a049
	   |-- fabric-loot-api-v2 3.0.48+3f89f5a549
	   |-- fabric-loot-api-v3 1.0.36+86c3a9f149
	   |-- fabric-message-api-v1 6.1.0+fe971bba49
	   |-- fabric-model-loading-api-v1 5.2.3+5281b90749
	   |-- fabric-networking-api-v1 4.5.0+775be32c49
	   |-- fabric-object-builder-api-v1 21.1.2+b8d6ba7049
	   |-- fabric-particles-v1 4.1.2+112e550e49
	   |-- fabric-recipe-api-v1 8.1.8+3235ab3249
	   |-- fabric-registry-sync-v0 6.1.22+cd64004349
	   |-- fabric-renderer-api-v1 6.1.2+bdf4842249
	   |-- fabric-renderer-indigo 3.1.2+5281b90749
	   |-- fabric-rendering-data-attachment-v1 0.3.64+73761d2e49
	   |-- fabric-rendering-fluids-v1 3.1.27+86c3a9f149
	   |-- fabric-rendering-v1 11.3.0+a272b33849
	   |-- fabric-resource-conditions-api-v1 5.0.21+73a52b4b49
	   |-- fabric-resource-loader-v0 3.1.7+847e5f5c49
	   |-- fabric-screen-api-v1 2.0.46+86c3a9f149
	   |-- fabric-screen-handler-api-v1 1.3.129+c327076a49
	   |-- fabric-sound-api-v1 1.0.38+86c3a9f149
	   |-- fabric-tag-api-v1 1.0.17+ecf51cdc49
	   |-- fabric-transfer-api-v1 5.4.24+7b20cbb049
	   \-- fabric-transitive-access-wideners-v1 6.3.17+f17a180c49
	- fabricloader 0.19.3
	   \-- mixinextras 0.5.4
	- food-health-hunger 1.0.0
	- fortress-besieged 0.1.0
	- iris 1.8.11+mc1.21.5
	   |-- io_github_douira_glsl-transformer 2.0.1
	   |-- org_anarres_jcpp 1.4.14
	   \-- org_antlr_antlr4-runtime 4.13.1
	- jade 18.2.0+fabric
	- java 21
	- minecraft 1.21.5
	- mousetweaks 2.27
	- player-block-status 0.2.9
	- progressive-enchanting 1.0.0
	- refugee 1.0.0
	- searchables 1.0.3
	- sodium 0.6.13+mc1.21.5
	- terrarium 0.0.3-beta.1+1.21.5
	- travel-business-team 1.0.0
[00:06:39] [main/INFO]: SpongePowered MIXIN Subsystem Version=0.8.7 Source=file:/E:/Game/Minecraft/.minecraft/libraries/net/fabricmc/sponge-mixin/0.17.3+mixin.0.8.7/sponge-mixin-0.17.3+mixin.0.8.7.jar Service=Knot/Fabric Env=CLIENT
[00:06:40] [main/INFO]: Compatibility level set to JAVA_21
[00:06:40] [main/WARN]: Reference map 'iris.refmap.json' for mixins.iris.json could not be read. If this is a development environment you can ignore this message
[00:06:40] [main/WARN]: Reference map 'iris-fabric.refmap.json' for mixins.iris.fabric.json could not be read. If this is a development environment you can ignore this message
[00:06:40] [main/WARN]: Reference map 'iris.refmap.json' for iris-batched-entity-rendering.mixins.json could not be read. If this is a development environment you can ignore this message
[00:06:40] [main/WARN]: Reference map 'iris.refmap.json' for mixins.iris.fantastic.json could not be read. If this is a development environment you can ignore this message
[00:06:40] [main/WARN]: Reference map 'iris.refmap.json' for mixins.iris.vertexformat.json could not be read. If this is a development environment you can ignore this message
[00:06:40] [main/WARN]: Reference map 'iris.refmap.json' for mixins.iris.bettermipmaps.json could not be read. If this is a development environment you can ignore this message
[00:06:40] [main/WARN]: Reference map 'iris.refmap.json' for mixins.iris.compat.sodium.json could not be read. If this is a development environment you can ignore this message
[00:06:40] [main/WARN]: Reference map 'iris.refmap.json' for mixins.iris.fixes.maxfpscrash.json could not be read. If this is a development environment you can ignore this message
[00:06:40] [main/INFO]: Loaded configuration file for Sodium: 43 options available, 1 override(s) found
[00:06:40] [main/WARN]: Force-disabling mixin 'features.render.world.sky.FogRendererMixin' as rule 'mixin.features.render.world.sky' (added by mods [iris]) disables it and children
[00:06:40] [main/WARN]: Force-disabling mixin 'features.render.world.sky.ClientLevelMixin' as rule 'mixin.features.render.world.sky' (added by mods [iris]) disables it and children
[00:06:40] [main/WARN]: Force-disabling mixin 'features.render.world.sky.LevelRendererMixin' as rule 'mixin.features.render.world.sky' (added by mods [iris]) disables it and children
[00:06:41] [main/INFO]: Searching for graphics cards...
[00:06:41] [main/INFO]: Found graphics adapter: AdapterInfo{vendor=NVIDIA, description='NVIDIA GeForce RTX 4060 Laptop GPU', adapterType=0x0000231B, openglIcdFilePath='C:\WINDOWS\System32\DriverStore\FileRepository\nvtfi.inf_amd64_f89b497afcb722a5\nvoglv64.dll', openglIcdVersion=32.0.16.1062}
[00:06:41] [main/WARN]: Sodium has applied one or more workarounds to prevent crashes or other issues on your system: [NVIDIA_THREADED_OPTIMIZATIONS_BROKEN]
[00:06:41] [main/WARN]: This is not necessarily an issue, but it may result in certain features or optimizations being disabled. You can sometimes fix these issues by upgrading your graphics driver.
[00:06:41] [main/INFO]: Initializing MixinExtras via com.llamalad7.mixinextras.service.MixinExtrasServiceImpl(version=0.5.4).
[00:06:46] [Datafixer Bootstrap/INFO]: 263 Datafixer optimizations took 2731 milliseconds
[00:06:55] [Render thread/INFO]: Environment: Environment[sessionHost=https://sessionserver.mojang.com, servicesHost=https://api.minecraftservices.com, name=PROD]
[00:06:55] [Render thread/INFO]: Setting user: luoweifengx
[00:06:55] [Render thread/INFO]: Loaded food-health-hunger config from E:\Game\Minecraft\.minecraft\versions\1.21.5-Fabric 0.19.3\config\food-health-hunger.json
[00:06:55] [Render thread/INFO]: Food-Health-Hunger initialized
[00:06:55] [Render thread/INFO]: [siege path] loaded E:\Game\Minecraft\.minecraft\versions\1.21.5-Fabric 0.19.3\config\fortress-besieged-pathfinding.json air=1 soft<0.6=2 hard=3 place=2 maxNodes=4000 box=16x16 greedyX=2 replan=30 failCd=100 walkTimeout=40
[00:06:55] [Render thread/INFO]: [siege cluster] ignoring hostUnlockWorldOwned/legionUnlockWorldOwned; stages unlock by iron/diamond advancements
[00:06:55] [Render thread/INFO]: [siege cluster] loaded E:\Game\Minecraft\.minecraft\versions\1.21.5-Fabric 0.19.3\config\fortress-besieged-clusters.json templates=9 stages=4
[00:06:55] [Render thread/INFO]: Fortress Besieged siege cluster system initialized
[00:06:55] [Render thread/INFO]: Loaded territory config from E:\Game\Minecraft\.minecraft\versions\1.21.5-Fabric 0.19.3\config\player-block-status.json
[00:06:55] [Render thread/INFO]: Territory event handler registered
[00:06:55] [Render thread/INFO]: Player Block Status lib initialized
[00:06:55] [Render thread/INFO]: Loaded progressive-enchanting config from E:\Game\Minecraft\.minecraft\versions\1.21.5-Fabric 0.19.3\config\progressive-enchanting.json
[00:06:55] [Render thread/INFO]: Progressive Enchanting initialized
[00:06:55] [Render thread/INFO]: Loaded refugee config from E:\Game\Minecraft\.minecraft\versions\1.21.5-Fabric 0.19.3\config\refugee.json
[00:06:55] [Render thread/INFO]: Upgraded guide.json from version 0 to 2
[00:06:55] [Render thread/INFO]: Refugee initialized (PBS territory + zombie villages + immigration)
[00:06:55] [Render thread/INFO]: Terrarium Loaded
[00:06:55] [Render thread/INFO]: Travel Business Team initialized
[00:06:56] [Render thread/INFO]: [Indigo] Different rendering plugin detected; not applying Indigo.
[00:06:56] [Render thread/INFO]: [STDOUT]: [Mouse Tweaks] Main.initialize()
[00:06:56] [Render thread/INFO]: [STDOUT]: [Mouse Tweaks] Generating the config file at: E:\Game\Minecraft\.minecraft\versions\1.21.5-Fabric 0.19.3\config\MouseTweaks.cfg
[00:06:56] [Render thread/INFO]: [STDOUT]: [Mouse Tweaks] Created the config file.
[00:06:56] [Render thread/INFO]: [STDOUT]: [Mouse Tweaks] Initialized.
[00:06:56] [Render thread/INFO]: Backend library: LWJGL version 3.3.3-snapshot
[00:06:57] [Render thread/INFO]: Modifying process environment to apply workarounds for the NVIDIA graphics driver...
[00:06:57] [Render thread/INFO]: Debug functionality is disabled.
[00:06:57] [Render thread/INFO]: ARB_direct_state_access detected, enabling DSA.
[00:06:57] [Render thread/INFO]: Shaders are disabled because no valid shaderpack is selected
[00:06:57] [Render thread/INFO]: OpenGL Vendor: NVIDIA Corporation
[00:06:57] [Render thread/INFO]: OpenGL Renderer: NVIDIA GeForce RTX 4060 Laptop GPU/PCIe/SSE2
[00:06:57] [Render thread/INFO]: OpenGL Version: 3.2.0 NVIDIA 610.62
[00:06:57] [Render thread/INFO]: Modifying OpenGL context to apply workarounds for the NVIDIA graphics driver...
[00:06:57] [Render thread/INFO]: Enabling GL_DEBUG_OUTPUT_SYNCHRONOUS to force the NVIDIA driver to disable threadedcommand submission
[00:06:57] [Render thread/INFO]: Using optional rendering extensions: GL_KHR_debug, GL_ARB_vertex_attrib_binding, GL_ARB_direct_state_access
[00:06:58] [Render thread/WARN]: Removed resource pack appleskin from options because it is no longer compatible
[00:06:58] [Render thread/WARN]: Removed resource pack controlling from options because it is no longer compatible
[00:06:58] [Render thread/WARN]: Removed resource pack jade from options because it is no longer compatible
[00:06:58] [Render thread/WARN]: Removed resource pack searchables from options because it is no longer compatible
[00:06:58] [Render thread/INFO]: Hardware information:
[00:06:58] [Render thread/INFO]: CPU: 16x 12th Gen Intel(R) Core(TM) i5-12500H
[00:06:58] [Render thread/INFO]: GPU: NVIDIA GeForce RTX 4060 Laptop GPU/PCIe/SSE2 (Supports OpenGL 3.2.0 NVIDIA 610.62)
[00:06:58] [Render thread/INFO]: OS: Windows 11 (10.0)
[00:06:58] [Render thread/INFO]: Reloading ResourceManager: vanilla, fabric, appleskin, cloth-config, controlling, fabric-api, fabric-api-base, fabric-api-lookup-api-v1, fabric-biome-api-v1, fabric-block-api-v1, fabric-block-view-api-v2, fabric-blockrenderlayer-v1, fabric-client-tags-api-v1, fabric-command-api-v1, fabric-command-api-v2, fabric-commands-v0, fabric-content-registries-v0, fabric-convention-tags-v1, fabric-convention-tags-v2, fabric-crash-report-info-v1, fabric-data-attachment-api-v1, fabric-data-generation-api-v1, fabric-dimensions-v1, fabric-entity-events-v1, fabric-events-interaction-v0, fabric-game-rule-api-v1, fabric-item-api-v1, fabric-item-group-api-v1, fabric-key-binding-api-v1, fabric-keybindings-v0, fabric-lifecycle-events-v1, fabric-loot-api-v2, fabric-loot-api-v3, fabric-message-api-v1, fabric-model-loading-api-v1, fabric-networking-api-v1, fabric-object-builder-api-v1, fabric-particles-v1, fabric-recipe-api-v1, fabric-registry-sync-v0, fabric-renderer-api-v1, fabric-renderer-indigo, fabric-rendering-data-attachment-v1, fabric-rendering-fluids-v1, fabric-rendering-v1, fabric-resource-conditions-api-v1, fabric-resource-loader-v0, fabric-screen-api-v1, fabric-screen-handler-api-v1, fabric-sound-api-v1, fabric-tag-api-v1, fabric-transfer-api-v1, fabric-transitive-access-wideners-v1, fabricloader, food-health-hunger, fortress-besieged, iris, jade, player-block-status, progressive-enchanting, refugee, searchables, sodium, terrarium, travel-business-team
[00:06:58] [Worker-Main-14/INFO]: Found unifont_all_no_pua-16.0.01.hex, loading
[00:06:59] [Worker-Main-7/INFO]: Found unifont_jp_patch-16.0.01.hex, loading
[00:06:59] [Render thread/INFO]: Start loading plugin from Jade: snownee.jade.addon.core.CorePlugin
[00:06:59] [Render thread/INFO]: Start loading plugin from Jade: snownee.jade.addon.vanilla.VanillaPlugin
[00:06:59] [Render thread/INFO]: Start loading plugin from Jade: snownee.jade.addon.universal.UniversalPlugin
[00:06:59] [Render thread/INFO]: Start loading plugin from Jade: snownee.jade.addon.access.AccessibilityPlugin
[00:06:59] [Render thread/INFO]: Start loading plugin from Jade: snownee.jade.addon.debug.DebugPlugin
[00:07:00] [Render thread/WARN]: minecraft:pipeline/entity_translucent_emissive shader program does not use sampler Sampler2 defined in the pipeline. This might be a bug.
[00:07:01] [Render thread/INFO]: OpenAL initialized on device OpenAL Soft on G24H2 (NVIDIA High Definition Audio)
[00:07:01] [Render thread/INFO]: Sound engine started
[00:07:01] [Render thread/INFO]: Created: 1024x512x4 minecraft:textures/atlas/blocks.png-atlas
[00:07:01] [Render thread/INFO]: Created: 256x256x4 minecraft:textures/atlas/signs.png-atlas
[00:07:01] [Render thread/INFO]: Created: 512x512x4 minecraft:textures/atlas/shield_patterns.png-atlas
[00:07:01] [Render thread/INFO]: Created: 512x512x4 minecraft:textures/atlas/banner_patterns.png-atlas
[00:07:01] [Render thread/INFO]: Created: 2048x1024x4 minecraft:textures/atlas/armor_trims.png-atlas
[00:07:01] [Render thread/INFO]: Created: 128x64x4 minecraft:textures/atlas/decorated_pot.png-atlas
[00:07:01] [Render thread/INFO]: Created: 256x256x4 minecraft:textures/atlas/chest.png-atlas
[00:07:01] [Render thread/INFO]: Created: 512x256x4 minecraft:textures/atlas/shulker_boxes.png-atlas
[00:07:01] [Render thread/INFO]: Created: 512x256x4 minecraft:textures/atlas/beds.png-atlas
[00:07:01] [Render thread/INFO]: Created: 64x64x0 minecraft:textures/atlas/map_decorations.png-atlas
[00:07:01] [Render thread/INFO]: Created: 512x256x0 minecraft:textures/atlas/particles.png-atlas
[00:07:01] [Render thread/INFO]: Created: 512x256x0 minecraft:textures/atlas/paintings.png-atlas
[00:07:01] [Render thread/INFO]: Created: 256x128x0 minecraft:textures/atlas/mob_effects.png-atlas
[00:07:01] [Render thread/INFO]: Created: 1024x512x0 minecraft:textures/atlas/gui.png-atlas
[00:07:01] [Render thread/INFO]: Creating pipeline for dimension minecraft:overworld
[00:07:10] [Render thread/INFO]: Loaded 1376 recipes
[00:07:10] [Render thread/INFO]: Loaded 1489 advancements
[00:07:16] [ForkJoinPool.commonPool-worker-1/WARN]: [Iris Update Check] Failed to get update info!
java.net.SocketException: 由于连接方在一段时间后没有正确答复或连接的主机没有反应，连接尝试失败。
	at java.base/sun.nio.ch.SocketDispatcher.read0(Native Method) ~[?:?]
	at java.base/sun.nio.ch.SocketDispatcher.read(SocketDispatcher.java:46) ~[?:?]
	at java.base/sun.nio.ch.NioSocketImpl.tryRead(NioSocketImpl.java:256) ~[?:?]
	at java.base/sun.nio.ch.NioSocketImpl.implRead(NioSocketImpl.java:307) ~[?:?]
	at java.base/sun.nio.ch.NioSocketImpl.read(NioSocketImpl.java:346) ~[?:?]
	at java.base/sun.nio.ch.NioSocketImpl$1.read(NioSocketImpl.java:796) ~[?:?]
	at java.base/java.net.Socket$SocketInputStream.read(Socket.java:1099) ~[?:?]
	at java.base/sun.security.ssl.SSLSocketInputRecord.read(SSLSocketInputRecord.java:489) ~[?:?]
	at java.base/sun.security.ssl.SSLSocketInputRecord.readFully(SSLSocketInputRecord.java:472) ~[?:?]
	at java.base/sun.security.ssl.SSLSocketInputRecord.decodeInputRecord(SSLSocketInputRecord.java:243) ~[?:?]
	at java.base/sun.security.ssl.SSLSocketInputRecord.decode(SSLSocketInputRecord.java:181) ~[?:?]
	at java.base/sun.security.ssl.SSLTransport.decode(SSLTransport.java:111) ~[?:?]
	at java.base/sun.security.ssl.SSLSocketImpl.decode(SSLSocketImpl.java:1506) ~[?:?]
	at java.base/sun.security.ssl.SSLSocketImpl.readHandshakeRecord(SSLSocketImpl.java:1421) ~[?:?]
	at java.base/sun.security.ssl.SSLSocketImpl.startHandshake(SSLSocketImpl.java:455) ~[?:?]
	at java.base/sun.security.ssl.SSLSocketImpl.startHandshake(SSLSocketImpl.java:426) ~[?:?]
	at java.base/sun.net.www.protocol.https.HttpsClient.afterConnect(HttpsClient.java:586) ~[?:?]
	at java.base/sun.net.www.protocol.https.AbstractDelegateHttpsURLConnection.connect(AbstractDelegateHttpsURLConnection.java:187) ~[?:?]
	at java.base/sun.net.www.protocol.http.HttpURLConnection.getInputStream0(HttpURLConnection.java:1691) ~[?:?]
	at java.base/sun.net.www.protocol.http.HttpURLConnection.getInputStream(HttpURLConnection.java:1615) ~[?:?]
	at java.base/sun.net.www.protocol.https.HttpsURLConnectionImpl.getInputStream(HttpsURLConnectionImpl.java:223) ~[?:?]
	at java.base/java.net.URL.openStream(URL.java:1325) ~[?:?]
	at knot/net.irisshaders.iris.UpdateChecker.lambda$checkForUpdates$0(UpdateChecker.java:89) ~[iris-fabric-1.8.11+mc1.21.5.jar:?]
	at java.base/java.util.concurrent.CompletableFuture$AsyncSupply.run(CompletableFuture.java:1768) [?:?]
	at java.base/java.util.concurrent.CompletableFuture$AsyncSupply.exec(CompletableFuture.java:1760) [?:?]
	at java.base/java.util.concurrent.ForkJoinTask.doExec(ForkJoinTask.java:387) [?:?]
	at java.base/java.util.concurrent.ForkJoinPool$WorkQueue.topLevelExec(ForkJoinPool.java:1310) [?:?]
	at java.base/java.util.concurrent.ForkJoinPool.scan(ForkJoinPool.java:1841) [?:?]
	at java.base/java.util.concurrent.ForkJoinPool.runWorker(ForkJoinPool.java:1806) [?:?]
	at java.base/java.util.concurrent.ForkJoinWorkerThread.run(ForkJoinWorkerThread.java:188) [?:?]
[00:07:16] [Render thread/INFO]: Applied 0 biome modifications to 0 of 65 new biomes in 1.330 ms
[00:07:16] [Server thread/INFO]: Starting integrated minecraft server version 1.21.5
[00:07:16] [Server thread/INFO]: Generating keypair
[00:07:19] [Server thread/INFO]: Preparing start region for dimension minecraft:overworld
[00:07:19] [Render thread/INFO]: 准备生成区域中：2%
[00:07:20] [Render thread/INFO]: 准备生成区域中：2%
[00:07:20] [Render thread/INFO]: 准备生成区域中：18%
[00:07:21] [Render thread/INFO]: 准备生成区域中：26%
[00:07:21] [Render thread/INFO]: 准备生成区域中：51%
[00:07:21] [Render thread/INFO]: Time elapsed: 2174 ms
[00:07:21] [Server thread/INFO]: Organization provider chain ready (external empty + internal)
[00:07:21] [Server thread/INFO]: Loaded 18 blueprint(s) from E:\Game\Minecraft\.minecraft\versions\1.21.5-Fabric 0.19.3\config\refugee\blueprints
[00:07:21] [Server thread/INFO]: Changing view distance to 12, from 10
[00:07:21] [Server thread/INFO]: Changing simulation distance to 12, from 0
[00:07:22] [Server thread/INFO]: luoweifengx[local:E:42f489cb] logged in with entity id 7 at (20.5, 72.0, -105.5)
[00:07:22] [Render thread/INFO]: Reloading pipeline on dimension change: minecraft:overworld => minecraft:overworld
[00:07:22] [Render thread/INFO]: Destroying pipeline minecraft:overworld
[00:07:22] [Render thread/INFO]: Creating pipeline for dimension minecraft:overworld
[00:07:22] [Server thread/INFO]: luoweifengx加入了游戏
[00:07:22] [Render thread/INFO]: Started 10 worker threads
[00:07:23] [Render thread/INFO]: Loaded 6 advancements
[00:07:23] [Render thread/INFO]: [System] [CHAT] 向导已加入你的队伍
[00:07:23] [Render thread/INFO]: [System] [CHAT] 已召集 9 名初始居民跟随你
[00:07:23] [Render thread/INFO]: [System] [CHAT] luoweifengx 完成了节点：拥有第一名难民
[00:07:23] [Render thread/INFO]: Received config from the server: {}
[00:07:25] [Server thread/WARN]: [pbs perf] sentinelDrain drained=121 queueRemaining=0 chunksTouched=1 drainNs=430750800
[00:07:28] [Server thread/INFO]: [pbs] tracked block removed at (97, 55, -202) chunk=[6, -13] placedCount=120 dirtyCount=1
[00:07:28] [Server thread/INFO]: [pbs] tracked block removed at (97, 56, -202) chunk=[6, -13] placedCount=119 dirtyCount=1
[00:07:28] [Server thread/INFO]: [pbs] tracked block removed at (98, 55, -202) chunk=[6, -13] placedCount=118 dirtyCount=1
[00:07:28] [Server thread/INFO]: [pbs] tracked block removed at (98, 56, -203) chunk=[6, -13] placedCount=117 dirtyCount=1
[00:07:28] [Server thread/INFO]: [pbs] tracked block removed at (98, 58, -206) chunk=[6, -13] placedCount=116 dirtyCount=1
[00:07:28] [Server thread/INFO]: [pbs] tracked block removed at (99, 57, -206) chunk=[6, -13] placedCount=115 dirtyCount=1
[00:07:28] [Server thread/INFO]: [pbs] tracked block removed at (99, 58, -206) chunk=[6, -13] placedCount=114 dirtyCount=1
[00:07:28] [Server thread/INFO]: [pbs] tracked block removed at (96, 55, -202) chunk=[6, -13] placedCount=113 dirtyCount=1
[00:07:28] [Server thread/INFO]: [pbs] tracked block removed at (101, 57, -205) chunk=[6, -13] placedCount=112 dirtyCount=1
[00:07:28] [Server thread/INFO]: [pbs] tracked block removed at (96, 55, -203) chunk=[6, -13] placedCount=111 dirtyCount=1
[00:07:28] [Server thread/INFO]: [pbs] tracked block removed at (96, 56, -203) chunk=[6, -13] placedCount=110 dirtyCount=1
[00:07:34] [Server thread/INFO]: Saving and pausing game...
[00:07:34] [Server thread/INFO]: Saving chunks for level 'ServerLevel[新的世界]'/minecraft:overworld
[00:07:34] [Server thread/INFO]: Saving chunks for level 'ServerLevel[新的世界]'/minecraft:the_nether
[00:07:34] [Server thread/INFO]: Saving chunks for level 'ServerLevel[新的世界]'/minecraft:the_end
[00:07:34] [Server thread/INFO]: Saving and pausing game...
[00:07:34] [Server thread/INFO]: Saving chunks for level 'ServerLevel[新的世界]'/minecraft:overworld
[00:07:34] [Server thread/INFO]: Saving chunks for level 'ServerLevel[新的世界]'/minecraft:the_nether
[00:07:34] [Server thread/INFO]: Saving chunks for level 'ServerLevel[新的世界]'/minecraft:the_end
[00:07:58] [Render thread/INFO]: Destroying pipeline minecraft:overworld
[00:07:58] [Render thread/WARN]: Ignoring ambiguous boolean option CLOUDSHADOWSONLY
[00:07:58] [Render thread/WARN]: Ignoring ambiguous boolean option WEATHER
[00:07:58] [Render thread/WARN]: Ignoring ambiguous boolean option CLOUDSHADOWSONLY
[00:07:58] [Render thread/WARN]: Ignoring ambiguous boolean option LIGHTSOURCE_REFLECTION
[00:07:58] [Render thread/WARN]: Ignoring ambiguous boolean option LIGHTSOURCE_REFLECTION
[00:07:58] [Render thread/WARN]: Ignoring ambiguous boolean option WORLD
[00:07:58] [Render thread/WARN]: Ignoring ambiguous boolean option WORLD
[00:07:58] [Render thread/WARN]: Unable to resolve shader pack option menu element "Snowy_Winter" defined in shaders.properties
[00:07:58] [Render thread/INFO]: Profile: SHADER_VERSION_LABEL (+0 options changed by user)
[00:07:59] [Render thread/WARN]: Found missing "\" in file "block.properties" in block entry: "humility-afm:led_pink \"
[00:07:59] [Render thread/WARN]: At ID: "block.261"
[00:07:59] [Render thread/INFO]: Using shaderpack: Bliss_v2.1.2_(Chocapic13_Shaders_edit).zip
[00:07:59] [Render thread/INFO]: Creating pipeline for dimension minecraft:overworld
[00:08:00] [Render thread/WARN]: The in declaration 'tempOffsets' in the deferred FRAGMENT shader that is never assigned to in the previous stage VERTEX has been compatibility-patched by adding an initialization for it. See debugging.md for more information.
[00:08:02] [Render thread/WARN]: The in declaration 'tangent' in the sps FRAGMENT shader that is never assigned to in the previous stage VERTEX has been compatibility-patched by adding an initialization for it. See debugging.md for more information.
[00:08:02] [Render thread/WARN]: The in declaration 'normalMat' in the sps FRAGMENT shader that is never assigned to in the previous stage VERTEX has been compatibility-patched by adding an initialization for it. See debugging.md for more information.
[00:08:02] [Render thread/WARN]: The in declaration 'normalMat' in the entities_eyes FRAGMENT shader that is never assigned to in the previous stage VERTEX has been compatibility-patched by adding an initialization for it. See debugging.md for more information.
[00:08:02] [Render thread/WARN]: The in declaration 'tangent' in the entities_eyes FRAGMENT shader that is never assigned to in the previous stage VERTEX has been compatibility-patched by adding an initialization for it. See debugging.md for more information.
[00:08:02] [Render thread/WARN]: The in declaration 'normalMat' in the entities_eyes_trans FRAGMENT shader that is never assigned to in the previous stage VERTEX has been compatibility-patched by adding an initialization for it. See debugging.md for more information.
[00:08:02] [Render thread/WARN]: The in declaration 'tangent' in the entities_eyes_trans FRAGMENT shader that is never assigned to in the previous stage VERTEX has been compatibility-patched by adding an initialization for it. See debugging.md for more information.
[00:08:02] [Render thread/WARN]: The in declaration 'tangent' in the beacon FRAGMENT shader that is never assigned to in the previous stage VERTEX has been compatibility-patched by adding an initialization for it. See debugging.md for more information.
[00:08:02] [Render thread/WARN]: The in declaration 'normalMat' in the beacon FRAGMENT shader that is never assigned to in the previous stage VERTEX has been compatibility-patched by adding an initialization for it. See debugging.md for more information.
[00:08:02] [Render thread/WARN]: The in declaration 'tangent' in the mekanism_flame FRAGMENT shader that is never assigned to in the previous stage VERTEX has been compatibility-patched by adding an initialization for it. See debugging.md for more information.
[00:08:02] [Render thread/WARN]: The in declaration 'normalMat' in the mekanism_flame FRAGMENT shader that is never assigned to in the previous stage VERTEX has been compatibility-patched by adding an initialization for it. See debugging.md for more information.
[00:08:03] [Render thread/INFO]: Stopping worker threads
[00:08:03] [Render thread/INFO]: Started 10 worker threads
[00:08:03] [Render thread/WARN]: Error while parsing the block ID map entry for "block.52":
[00:08:03] [Render thread/WARN]: - The block minecraft:tuff_wall has no property with the name north_east, ignoring!
[00:08:03] [Render thread/WARN]: Error while parsing the block ID map entry for "block.52":
[00:08:03] [Render thread/WARN]: - The block minecraft:tuff_wall has no property with the name north_east, ignoring!
[00:08:03] [Render thread/WARN]: Error while parsing the block ID map entry for "block.52":
[00:08:03] [Render thread/WARN]: - The block minecraft:tuff_wall has no property with the name north_west, ignoring!
[00:08:03] [Render thread/WARN]: Error while parsing the block ID map entry for "block.52":
[00:08:03] [Render thread/WARN]: - The block minecraft:tuff_wall has no property with the name north_east, ignoring!
[00:08:03] [Render thread/WARN]: Error while parsing the block ID map entry for "block.52":
[00:08:03] [Render thread/WARN]: - The block minecraft:tuff_wall has no property with the name north_west, ignoring!
[00:08:03] [Render thread/WARN]: Error while parsing the block ID map entry for "block.52":
[00:08:03] [Render thread/WARN]: - The block minecraft:tuff_wall has no property with the name south_east, ignoring!
[00:08:03] [Render thread/WARN]: Error while parsing the block ID map entry for "block.52":
[00:08:03] [Render thread/WARN]: - The block minecraft:tuff_wall has no property with the name south_west, ignoring!
[00:08:03] [Render thread/WARN]: Error while parsing the block ID map entry for "block.52":
[00:08:03] [Render thread/WARN]: - The block minecraft:tuff_wall has no property with the name north_east, ignoring!
[00:08:03] [Render thread/WARN]: Error while parsing the block ID map entry for "block.52":
[00:08:03] [Render thread/WARN]: - The block minecraft:tuff_wall has no property with the name north_west, ignoring!
[00:08:03] [Render thread/WARN]: Error while parsing the block ID map entry for "block.52":
[00:08:03] [Render thread/WARN]: - The block minecraft:tuff_wall has no property with the name south_east, ignoring!
[00:08:03] [Render thread/WARN]: Error while parsing the block ID map entry for "block.440":
[00:08:03] [Render thread/WARN]: - The block minecraft:tuff_wall has no property with the name south_west, ignoring!
[00:08:03] [Render thread/WARN]: Error while parsing the block ID map entry for "block.440":
[00:08:03] [Render thread/WARN]: - The block minecraft:tuff_wall has no property with the name north_east, ignoring!
[00:08:03] [Render thread/WARN]: Error while parsing the block ID map entry for "block.440":
[00:08:03] [Render thread/WARN]: - The block minecraft:tuff_wall has no property with the name north_west, ignoring!
[00:08:03] [Render thread/WARN]: Error while parsing the block ID map entry for "block.440":
[00:08:03] [Render thread/WARN]: - The block minecraft:tuff_wall has no property with the name south_east, ignoring!
[00:08:03] [Render thread/WARN]: Error while parsing the block ID map entry for "block.441":
[00:08:03] [Render thread/WARN]: - The block minecraft:tuff_wall has no property with the name south_west, ignoring!
[00:08:03] [Render thread/WARN]: Error while parsing the block ID map entry for "block.441":
[00:08:03] [Render thread/WARN]: - The block minecraft:tuff_wall has no property with the name north_east, ignoring!
[00:08:03] [Render thread/WARN]: Error while parsing the block ID map entry for "block.441":
[00:08:03] [Render thread/WARN]: - The block minecraft:tuff_wall has no property with the name north_west, ignoring!
[00:08:03] [Render thread/WARN]: Error while parsing the block ID map entry for "block.441":
[00:08:03] [Render thread/WARN]: - The block minecraft:tuff_wall has no property with the name south_east, ignoring!
[00:08:03] [Render thread/WARN]: Error while parsing the block ID map entry for "block.442":
[00:08:03] [Render thread/WARN]: - The block minecraft:tuff_wall has no property with the name south_west, ignoring!
[00:08:03] [Render thread/WARN]: Error while parsing the block ID map entry for "block.442":
[00:08:03] [Render thread/WARN]: - The block minecraft:tuff_wall has no property with the name north_east, ignoring!
[00:08:03] [Render thread/WARN]: Error while parsing the block ID map entry for "block.442":
[00:08:03] [Render thread/WARN]: - The block minecraft:tuff_wall has no property with the name north_west, ignoring!
[00:08:03] [Render thread/WARN]: Error while parsing the block ID map entry for "block.442":
[00:08:03] [Render thread/WARN]: - The block minecraft:tuff_wall has no property with the name south_east, ignoring!
[00:08:03] [Render thread/WARN]: Error while parsing the block ID map entry for "block.443":
[00:08:03] [Render thread/WARN]: - The block minecraft:tuff_wall has no property with the name south_west, ignoring!
[00:08:03] [Render thread/WARN]: Error while parsing the block ID map entry for "block.443":
[00:08:03] [Render thread/WARN]: - The block minecraft:tuff_wall has no property with the name north_east, ignoring!
[00:08:03] [Render thread/WARN]: Error while parsing the block ID map entry for "block.443":
[00:08:03] [Render thread/WARN]: - The block minecraft:tuff_wall has no property with the name north_west, ignoring!
[00:08:03] [Render thread/WARN]: Error while parsing the block ID map entry for "block.443":
[00:08:03] [Render thread/WARN]: - The block minecraft:tuff_wall has no property with the name south_east, ignoring!
[00:08:03] [Render thread/WARN]: Error while parsing the block ID map entry for "block.444":
[00:08:03] [Render thread/WARN]: - The block minecraft:tuff_wall has no property with the name south_west, ignoring!
[00:08:03] [Render thread/WARN]: Error while parsing the block ID map entry for "block.444":
[00:08:03] [Render thread/WARN]: - The block minecraft:tuff_wall has no property with the name north_east, ignoring!
[00:08:03] [Render thread/WARN]: Error while parsing the block ID map entry for "block.444":
[00:08:03] [Render thread/WARN]: - The block minecraft:tuff_wall has no property with the name north_west, ignoring!
[00:08:03] [Render thread/WARN]: Error while parsing the block ID map entry for "block.444":
[00:08:03] [Render thread/WARN]: - The block minecraft:tuff_wall has no property with the name south_east, ignoring!
[00:08:03] [Render thread/WARN]: Error while parsing the block ID map entry for "block.445":
[00:08:03] [Render thread/WARN]: - The block minecraft:tuff_wall has no property with the name south_west, ignoring!
[00:08:03] [Render thread/WARN]: Error while parsing the block ID map entry for "block.445":
[00:08:03] [Render thread/WARN]: - The block minecraft:tuff_wall has no property with the name north_east, ignoring!
[00:08:03] [Render thread/WARN]: Error while parsing the block ID map entry for "block.445":
[00:08:03] [Render thread/WARN]: - The block minecraft:tuff_wall has no property with the name north_west, ignoring!
[00:08:03] [Render thread/WARN]: Error while parsing the block ID map entry for "block.445":
[00:08:03] [Render thread/WARN]: - The block minecraft:tuff_wall has no property with the name south_east, ignoring!
[00:08:03] [Render thread/WARN]: Error while parsing the block ID map entry for "block.446":
[00:08:03] [Render thread/WARN]: - The block minecraft:tuff_wall has no property with the name south_west, ignoring!
[00:08:03] [Render thread/WARN]: Error while parsing the block ID map entry for "block.446":
[00:08:03] [Render thread/WARN]: - The block minecraft:tuff_wall has no property with the name north_east, ignoring!
[00:08:03] [Render thread/WARN]: Error while parsing the block ID map entry for "block.446":
[00:08:03] [Render thread/WARN]: - The block minecraft:tuff_wall has no property with the name north_west, ignoring!
[00:08:03] [Render thread/WARN]: Error while parsing the block ID map entry for "block.446":
[00:08:03] [Render thread/WARN]: - The block minecraft:tuff_wall has no property with the name south_east, ignoring!
[00:08:03] [Render thread/WARN]: Error while parsing the block ID map entry for "block.447":
[00:08:03] [Render thread/WARN]: - The block minecraft:tuff_wall has no property with the name south_west, ignoring!
[00:08:03] [Render thread/WARN]: Error while parsing the block ID map entry for "block.447":
[00:08:03] [Render thread/WARN]: - The block minecraft:tuff_wall has no property with the name north_east, ignoring!
[00:08:03] [Render thread/WARN]: Error while parsing the block ID map entry for "block.447":
[00:08:03] [Render thread/WARN]: - The block minecraft:tuff_wall has no property with the name north_west, ignoring!
[00:08:03] [Render thread/WARN]: Error while parsing the block ID map entry for "block.447":
[00:08:03] [Render thread/WARN]: - The block minecraft:tuff_wall has no property with the name south_east, ignoring!
[00:08:03] [Render thread/WARN]: Error while parsing the block ID map entry for "block.448":
[00:08:03] [Render thread/WARN]: - The block minecraft:tuff_wall has no property with the name south_west, ignoring!
[00:08:03] [Render thread/WARN]: Error while parsing the block ID map entry for "block.448":
[00:08:03] [Render thread/WARN]: - The block minecraft:tuff_wall has no property with the name north_east, ignoring!
[00:08:03] [Render thread/WARN]: Error while parsing the block ID map entry for "block.448":
[00:08:03] [Render thread/WARN]: - The block minecraft:tuff_wall has no property with the name north_west, ignoring!
[00:08:03] [Render thread/WARN]: Error while parsing the block ID map entry for "block.448":
[00:08:03] [Render thread/WARN]: - The block minecraft:tuff_wall has no property with the name south_east, ignoring!
[00:08:03] [Render thread/WARN]: Error while parsing the block ID map entry for "block.449":
[00:08:03] [Render thread/WARN]: - The block minecraft:tuff_wall has no property with the name south_west, ignoring!
[00:08:03] [Render thread/WARN]: Error while parsing the block ID map entry for "block.449":
[00:08:03] [Render thread/WARN]: - The block minecraft:tuff_wall has no property with the name north_east, ignoring!
[00:08:03] [Render thread/WARN]: Error while parsing the block ID map entry for "block.449":
[00:08:03] [Render thread/WARN]: - The block minecraft:tuff_wall has no property with the name north_west, ignoring!
[00:08:03] [Render thread/WARN]: Error while parsing the block ID map entry for "block.449":
[00:08:03] [Render thread/WARN]: - The block minecraft:tuff_wall has no property with the name south_east, ignoring!
[00:08:03] [Render thread/WARN]: Error while parsing the block ID map entry for "block.450":
[00:08:03] [Render thread/WARN]: - The block minecraft:tuff_wall has no property with the name south_west, ignoring!
[00:08:03] [Render thread/WARN]: Error while parsing the block ID map entry for "block.450":
[00:08:03] [Render thread/WARN]: - The block minecraft:tuff_wall has no property with the name north_east, ignoring!
[00:08:03] [Render thread/WARN]: Error while parsing the block ID map entry for "block.450":
[00:08:03] [Render thread/WARN]: - The block minecraft:tuff_wall has no property with the name north_west, ignoring!
[00:08:03] [Render thread/WARN]: Error while parsing the block ID map entry for "block.450":
[00:08:03] [Render thread/WARN]: - The block minecraft:tuff_wall has no property with the name south_east, ignoring!
[00:08:03] [Render thread/WARN]: Error while parsing the block ID map entry for "block.451":
[00:08:03] [Render thread/WARN]: - The block minecraft:tuff_wall has no property with the name south_west, ignoring!
[00:08:03] [Render thread/WARN]: Error while parsing the block ID map entry for "block.451":
[00:08:03] [Render thread/WARN]: - The block minecraft:tuff_wall has no property with the name north_east, ignoring!
[00:08:03] [Render thread/WARN]: Error while parsing the block ID map entry for "block.451":
[00:08:03] [Render thread/WARN]: - The block minecraft:tuff_wall has no property with the name north_west, ignoring!
[00:08:03] [Render thread/WARN]: Error while parsing the block ID map entry for "block.451":
[00:08:03] [Render thread/WARN]: - The block minecraft:tuff_wall has no property with the name south_east, ignoring!
[00:08:03] [Render thread/WARN]: Error while parsing the block ID map entry for "block.452":
[00:08:03] [Render thread/WARN]: - The block minecraft:tuff_wall has no property with the name south_west, ignoring!
[00:08:03] [Render thread/WARN]: Error while parsing the block ID map entry for "block.452":
[00:08:03] [Render thread/WARN]: - The block minecraft:tuff_wall has no property with the name north_east, ignoring!
[00:08:03] [Render thread/WARN]: Error while parsing the block ID map entry for "block.452":
[00:08:03] [Render thread/WARN]: - The block minecraft:tuff_wall has no property with the name north_west, ignoring!
[00:08:03] [Render thread/WARN]: Error while parsing the block ID map entry for "block.452":
[00:08:03] [Render thread/WARN]: - The block minecraft:tuff_wall has no property with the name south_east, ignoring!
[00:08:03] [Render thread/WARN]: Error while parsing the block ID map entry for "block.453":
[00:08:03] [Render thread/WARN]: - The block minecraft:tuff_wall has no property with the name south_west, ignoring!
[00:08:03] [Render thread/WARN]: Error while parsing the block ID map entry for "block.453":
[00:08:03] [Render thread/WARN]: - The block minecraft:tuff_wall has no property with the name north_east, ignoring!
[00:08:03] [Render thread/WARN]: Error while parsing the block ID map entry for "block.453":
[00:08:03] [Render thread/WARN]: - The block minecraft:tuff_wall has no property with the name north_west, ignoring!
[00:08:03] [Render thread/WARN]: Error while parsing the block ID map entry for "block.453":
[00:08:03] [Render thread/WARN]: - The block minecraft:tuff_wall has no property with the name south_east, ignoring!
[00:08:03] [Render thread/WARN]: Error while parsing the block ID map entry for "block.454":
[00:08:03] [Render thread/WARN]: - The block minecraft:tuff_wall has no property with the name south_west, ignoring!
[00:08:03] [Render thread/WARN]: Error while parsing the block ID map entry for "block.454":
[00:08:03] [Render thread/WARN]: - The block minecraft:tuff_wall has no property with the name north_east, ignoring!
[00:08:03] [Render thread/WARN]: Error while parsing the block ID map entry for "block.454":
[00:08:03] [Render thread/WARN]: - The block minecraft:tuff_wall has no property with the name north_west, ignoring!
[00:08:03] [Render thread/WARN]: Error while parsing the block ID map entry for "block.454":
[00:08:03] [Render thread/WARN]: - The block minecraft:tuff_wall has no property with the name south_east, ignoring!
[00:08:03] [Render thread/WARN]: Error while parsing the block ID map entry for "block.455":
[00:08:03] [Render thread/WARN]: - The block minecraft:tuff_wall has no property with the name south_west, ignoring!
[00:08:03] [Render thread/WARN]: Error while parsing the block ID map entry for "block.455":
[00:08:03] [Render thread/WARN]: - The block minecraft:tuff_wall has no property with the name north_east, ignoring!
[00:08:03] [Render thread/WARN]: Error while parsing the block ID map entry for "block.455":
[00:08:03] [Render thread/WARN]: - The block minecraft:tuff_wall has no property with the name north_west, ignoring!
[00:08:03] [Render thread/WARN]: Error while parsing the block ID map entry for "block.455":
[00:08:03] [Render thread/WARN]: - The block minecraft:tuff_wall has no property with the name south_east, ignoring!
[00:08:03] [Render thread/WARN]: Error while parsing the block ID map entry for "block.481":
[00:08:03] [Render thread/WARN]: - The block minecraft:tuff_wall has no property with the name south_west, ignoring!
[00:08:03] [Render thread/WARN]: Error while parsing the block ID map entry for "block.481":
[00:08:03] [Render thread/WARN]: - The block minecraft:tuff_wall has no property with the name north_east, ignoring!
[00:08:03] [Render thread/WARN]: Error while parsing the block ID map entry for "block.481":
[00:08:03] [Render thread/WARN]: - The block minecraft:tuff_wall has no property with the name north_west, ignoring!
[00:08:03] [Render thread/WARN]: Error while parsing the block ID map entry for "block.481":
[00:08:03] [Render thread/WARN]: - The block minecraft:tuff_wall has no property with the name south_east, ignoring!
[00:08:03] [Render thread/WARN]: Error while parsing the block ID map entry for "block.482":
[00:08:03] [Render thread/WARN]: - The block minecraft:tuff_wall has no property with the name south_west, ignoring!
[00:08:03] [Render thread/WARN]: Error while parsing the block ID map entry for "block.482":
[00:08:03] [Render thread/WARN]: - The block minecraft:tuff_wall has no property with the name north_east, ignoring!
[00:08:03] [Render thread/WARN]: Error while parsing the block ID map entry for "block.482":
[00:08:03] [Render thread/WARN]: - The block minecraft:tuff_wall has no property with the name north_west, ignoring!
[00:08:03] [Render thread/WARN]: Error while parsing the block ID map entry for "block.482":
[00:08:03] [Render thread/WARN]: - The block minecraft:tuff_wall has no property with the name south_east, ignoring!
[00:08:03] [Render thread/WARN]: Error while parsing the block ID map entry for "block.483":
[00:08:03] [Render thread/WARN]: - The block minecraft:tuff_wall has no property with the name south_west, ignoring!
[00:08:03] [Render thread/WARN]: Error while parsing the block ID map entry for "block.483":
[00:08:03] [Render thread/WARN]: - The block minecraft:tuff_wall has no property with the name north_east, ignoring!
[00:08:03] [Render thread/WARN]: Error while parsing the block ID map entry for "block.483":
[00:08:03] [Render thread/WARN]: - The block minecraft:tuff_wall has no property with the name north_west, ignoring!
[00:08:03] [Render thread/WARN]: Error while parsing the block ID map entry for "block.483":
[00:08:03] [Render thread/WARN]: - The block minecraft:tuff_wall has no property with the name south_east, ignoring!
[00:08:03] [Render thread/WARN]: Error while parsing the block ID map entry for "block.484":
[00:08:03] [Render thread/WARN]: - The block minecraft:tuff_wall has no property with the name south_west, ignoring!
[00:08:03] [Render thread/WARN]: Error while parsing the block ID map entry for "block.484":
[00:08:03] [Render thread/WARN]: - The block minecraft:tuff_wall has no property with the name north_east, ignoring!
[00:08:03] [Render thread/WARN]: Error while parsing the block ID map entry for "block.484":
[00:08:03] [Render thread/WARN]: - The block minecraft:tuff_wall has no property with the name north_west, ignoring!
[00:08:03] [Render thread/WARN]: Error while parsing the block ID map entry for "block.484":
[00:08:03] [Render thread/WARN]: - The block minecraft:tuff_wall has no property with the name south_east, ignoring!
[00:08:03] [Render thread/WARN]: Error while parsing the block ID map entry for "block.485":
[00:08:03] [Render thread/WARN]: - The block minecraft:tuff_wall has no property with the name south_west, ignoring!
[00:08:03] [Render thread/WARN]: Error while parsing the block ID map entry for "block.485":
[00:08:03] [Render thread/WARN]: - The block minecraft:tuff_wall has no property with the name north_east, ignoring!
[00:08:03] [Render thread/WARN]: Error while parsing the block ID map entry for "block.485":
[00:08:03] [Render thread/WARN]: - The block minecraft:tuff_wall has no property with the name north_west, ignoring!
[00:08:03] [Render thread/WARN]: Error while parsing the block ID map entry for "block.485":
[00:08:03] [Render thread/WARN]: - The block minecraft:tuff_wall has no property with the name south_east, ignoring!
[00:08:03] [Render thread/WARN]: Error while parsing the block ID map entry for "block.486":
[00:08:03] [Render thread/WARN]: - The block minecraft:tuff_wall has no property with the name south_west, ignoring!
[00:08:03] [Render thread/WARN]: Error while parsing the block ID map entry for "block.486":
[00:08:03] [Render thread/WARN]: - The block minecraft:tuff_wall has no property with the name north_east, ignoring!
[00:08:03] [Render thread/WARN]: Error while parsing the block ID map entry for "block.486":
[00:08:03] [Render thread/WARN]: - The block minecraft:tuff_wall has no property with the name north_west, ignoring!
[00:08:03] [Render thread/WARN]: Error while parsing the block ID map entry for "block.486":
[00:08:03] [Render thread/WARN]: - The block minecraft:tuff_wall has no property with the name south_east, ignoring!
[00:08:03] [Render thread/WARN]: Error while parsing the block ID map entry for "block.487":
[00:08:03] [Render thread/WARN]: - The block minecraft:tuff_wall has no property with the name south_west, ignoring!
[00:08:03] [Render thread/WARN]: Error while parsing the block ID map entry for "block.487":
[00:08:03] [Render thread/WARN]: - The block minecraft:tuff_wall has no property with the name north_east, ignoring!
[00:08:03] [Render thread/WARN]: Error while parsing the block ID map entry for "block.487":
[00:08:03] [Render thread/WARN]: - The block minecraft:tuff_wall has no property with the name north_west, ignoring!
[00:08:03] [Render thread/WARN]: Error while parsing the block ID map entry for "block.487":
[00:08:03] [Render thread/WARN]: - The block minecraft:tuff_wall has no property with the name south_east, ignoring!
[00:08:03] [Render thread/INFO]: Stopping worker threads
[00:08:03] [Render thread/INFO]: Started 10 worker threads
[00:08:03] [Render thread/WARN]: Found unknown and unsupported uniform InSampler in iris:composite
[00:08:22] [Server thread/WARN]: [pbs perf] sentinelDrain drained=970 queueRemaining=0 chunksTouched=8 drainNs=559963300
[00:08:24] [Server thread/INFO]: Saving and pausing game...
[00:08:24] [Server thread/INFO]: Saving chunks for level 'ServerLevel[新的世界]'/minecraft:overworld
[00:08:24] [Server thread/INFO]: Saving chunks for level 'ServerLevel[新的世界]'/minecraft:the_nether
[00:08:24] [Server thread/INFO]: Saving chunks for level 'ServerLevel[新的世界]'/minecraft:the_end
[00:08:31] [Render thread/INFO]: Destroying pipeline minecraft:overworld
[00:08:31] [Render thread/WARN]: Invalid pack option: GTAO
[00:08:31] [Render thread/WARN]: Invalid pack option: GTAO
[00:08:31] [Render thread/WARN]: Unable to resolve shader pack option menu element "WATER_REFRACTION" defined in shaders.properties
[00:08:31] [Render thread/WARN]: Unable to resolve shader pack option menu element "WATER_REFRACTION_INTENSITY" defined in shaders.properties
[00:08:31] [Render thread/WARN]: Unable to resolve shader pack option menu element "CLOUDS_DAILY_WEATHER" defined in shaders.properties
[00:08:31] [Render thread/WARN]: Unable to resolve shader pack option menu element "CLOUDS_CUMULUS_CONGESTUS_PRIMARY_STEPS_H" defined in shaders.properties
[00:08:31] [Render thread/WARN]: Unable to resolve shader pack option menu element "CLOUDS_CUMULUS_CONGESTUS_PRIMARY_STEPS_Z" defined in shaders.properties
[00:08:31] [Render thread/INFO]: Profile: high (+2 options changed by user)
[00:08:32] [Render thread/INFO]: Using shaderpack: photon_v1.2a + Clrwl_1.0.3.zip
[00:08:32] [Render thread/INFO]: Creating pipeline for dimension minecraft:overworld
[00:08:38] [Render thread/INFO]: Stopping worker threads
[00:08:38] [Render thread/INFO]: Started 10 worker threads
[00:08:38] [Render thread/WARN]: Error while parsing the block ID map entry for "block.10035":
[00:08:38] [Render thread/WARN]: - The block minecraft:creaking_heart has no property with the name active, ignoring!
[00:08:38] [Render thread/INFO]: Stopping worker threads
[00:08:38] [Render thread/INFO]: Started 10 worker threads
[00:08:46] [Server thread/INFO]: Saving and pausing game...
[00:08:46] [Server thread/INFO]: Saving chunks for level 'ServerLevel[新的世界]'/minecraft:overworld
[00:08:46] [Server thread/INFO]: Saving chunks for level 'ServerLevel[新的世界]'/minecraft:the_nether
[00:08:46] [Server thread/INFO]: Saving chunks for level 'ServerLevel[新的世界]'/minecraft:the_end
[00:08:54] [Render thread/INFO]: Flushed changes to Minecraft configuration
[00:08:56] [Render thread/INFO]: Flushed changes to Minecraft configuration
[00:08:58] [Render thread/INFO]: Flushed changes to Minecraft configuration
[00:09:01] [Render thread/INFO]: Flushed changes to Minecraft configuration
[00:09:03] [Render thread/INFO]: Flushed changes to Minecraft configuration
[00:09:35] [Render thread/INFO]: Loaded 9 advancements
[00:09:38] [Render thread/INFO]: Loaded 20 advancements
[00:09:41] [Render thread/INFO]: Loaded 23 advancements
[00:09:41] [Render thread/INFO]: Loaded 31 advancements
[00:09:51] [Server thread/INFO]: [pbs] player placed block at (33, 68, -113) chunk=[2, -8] player=8ebfa5ae-32eb-4b8f-b35f-a3e21ebd7520 scoreEntity=8ebfa5ae-32eb-4b8f-b35f-a3e21ebd7520 placedCount=1 dirtyCount=2
[00:09:56] [Server thread/INFO]: [refugee immigration] interval serverTick=1000 intervalTicks=1000 subjects=1
[00:09:56] [Server thread/INFO]: [refugee immigration] quota-roll subject=luoweifengx uuid=8ebfa5ae-32eb-4b8f-b35f-a3e21ebd7520 player=luoweifengx dim=minecraft:overworld day=0 dayTick=500 dayTime=500 gameTime=500 serverTick=1000 owned=0 maxOwned=5 dayChance=0.2 minCount=3 maxCount=5 roll=0.46942006718638163 pDay=0.2 hit=false quota=0
[00:09:56] [Server thread/INFO]: [refugee immigration] skip reason=quota_miss subject=luoweifengx uuid=8ebfa5ae-32eb-4b8f-b35f-a3e21ebd7520 player=luoweifengx dim=minecraft:overworld day=0 dayTick=500 dayTime=500 gameTime=500 serverTick=1000 force=false remaining=0 dailyQuota=0
[00:10:46] [Server thread/INFO]: [refugee immigration] interval serverTick=2000 intervalTicks=1000 subjects=1
[00:10:46] [Server thread/INFO]: [refugee immigration] skip reason=quota_miss subject=luoweifengx uuid=8ebfa5ae-32eb-4b8f-b35f-a3e21ebd7520 player=luoweifengx dim=minecraft:overworld day=0 dayTick=1000 dayTime=1000 gameTime=1000 serverTick=2000 force=false remaining=0 dailyQuota=0
[00:10:59] [Render thread/INFO]: Loaded 48 advancements
[00:11:02] [Render thread/INFO]: Loaded 51 advancements
[00:11:19] [Server thread/INFO]: [pbs] player placed block at (33, 68, -117) chunk=[2, -8] player=8ebfa5ae-32eb-4b8f-b35f-a3e21ebd7520 scoreEntity=8ebfa5ae-32eb-4b8f-b35f-a3e21ebd7520 placedCount=2 dirtyCount=2
[00:11:36] [Server thread/INFO]: [refugee immigration] interval serverTick=3000 intervalTicks=1000 subjects=1
[00:11:36] [Server thread/INFO]: [refugee immigration] skip reason=quota_miss subject=luoweifengx uuid=8ebfa5ae-32eb-4b8f-b35f-a3e21ebd7520 player=luoweifengx dim=minecraft:overworld day=0 dayTick=1500 dayTime=1500 gameTime=1500 serverTick=3000 force=false remaining=0 dailyQuota=0
[00:11:44] [Server thread/INFO]: [build-ready/give-tool] ready=false (isBuilding=false isBuilder=true) hand=minecraft:wooden_pickaxe structure=null origin=null job=null buildIndex=0
[00:11:44] [Render thread/INFO]: [System] [CHAT] [build-ready/give-tool] ready=false (isBuilding=false isBuilder=true) hand=minecraft:wooden_pickaxe structure=null origin=null job=null buildIndex=0
[00:11:47] [Server thread/INFO]: [build-ready/give-tool] ready=false (isBuilding=false isBuilder=true) hand=minecraft:wooden_axe structure=null origin=null job=null buildIndex=0
[00:11:47] [Render thread/INFO]: [System] [CHAT] [build-ready/give-tool] ready=false (isBuilding=false isBuilder=true) hand=minecraft:wooden_axe structure=null origin=null job=null buildIndex=0
[00:12:10] [Server thread/INFO]: Saving and pausing game...
[00:12:10] [Server thread/INFO]: Saving chunks for level 'ServerLevel[新的世界]'/minecraft:overworld
[00:12:10] [Server thread/INFO]: Saving chunks for level 'ServerLevel[新的世界]'/minecraft:the_nether
[00:12:10] [Server thread/INFO]: Saving chunks for level 'ServerLevel[新的世界]'/minecraft:the_end
[00:12:26] [Server thread/INFO]: [refugee immigration] interval serverTick=4000 intervalTicks=1000 subjects=1
[00:12:26] [Server thread/INFO]: [refugee immigration] skip reason=quota_miss subject=luoweifengx uuid=8ebfa5ae-32eb-4b8f-b35f-a3e21ebd7520 player=luoweifengx dim=minecraft:overworld day=0 dayTick=2000 dayTime=2000 gameTime=2000 serverTick=4000 force=false remaining=0 dailyQuota=0
[00:12:28] [Render thread/INFO]: Loaded 52 advancements
[00:12:30] [Server thread/INFO]: [pbs] player placed block at (37, 68, -123) chunk=[2, -8] player=8ebfa5ae-32eb-4b8f-b35f-a3e21ebd7520 scoreEntity=8ebfa5ae-32eb-4b8f-b35f-a3e21ebd7520 placedCount=3 dirtyCount=2
[00:13:16] [Server thread/INFO]: [refugee immigration] interval serverTick=5000 intervalTicks=1000 subjects=1
[00:13:16] [Server thread/INFO]: [refugee immigration] skip reason=quota_miss subject=luoweifengx uuid=8ebfa5ae-32eb-4b8f-b35f-a3e21ebd7520 player=luoweifengx dim=minecraft:overworld day=0 dayTick=2500 dayTime=2500 gameTime=2500 serverTick=5000 force=false remaining=0 dailyQuota=0
[00:13:18] [Server thread/INFO]: Saving and pausing game...
[00:13:18] [Server thread/INFO]: Saving chunks for level 'ServerLevel[新的世界]'/minecraft:overworld
[00:13:18] [Server thread/INFO]: Saving chunks for level 'ServerLevel[新的世界]'/minecraft:the_nether
[00:13:18] [Server thread/INFO]: Saving chunks for level 'ServerLevel[新的世界]'/minecraft:the_end
