[17:34:38] [main/INFO]: Loading Minecraft 1.21.5 with Fabric Loader 0.19.3
[17:34:38] [main/INFO]: Loading 71 mods:
	- appleskin 3.0.6+mc1.21.5
	   \-- cloth-config 18.0.145
	        \-- cloth-basic-math 0.6.1
	- controlling 23.0.2
	- fabric-api 0.128.2+1.21.5
	   |-- fabric-api-base 0.4.62+73a52b4b49
	   |-- fabric-api-lookup-api-v1 1.6.96+86c3a9f149
	   |-- fabric-biome-api-v1 16.0.7+2dd063df49
	   |-- fabric-block-api-v1 1.1.0+ed91556f49
	   |-- fabric-block-view-api-v2 1.0.26+aa6d566c49
	   |-- fabric-blockrenderlayer-v1 2.0.16+86c3a9f149
	   |-- fabric-client-tags-api-v1 1.1.37+86c3a9f149
	   |-- fabric-command-api-v1 1.2.70+f71b366f49
	   |-- fabric-command-api-v2 2.2.49+73a52b4b49
	   |-- fabric-commands-v0 0.2.87+df3654b349
	   |-- fabric-content-registries-v0 10.0.14+3e6c1f7d49
	   |-- fabric-convention-tags-v1 2.1.33+7f945d5b49
	   |-- fabric-convention-tags-v2 2.15.2+6d9989f349
	   |-- fabric-crash-report-info-v1 0.3.12+86c3a9f149
	   |-- fabric-data-attachment-api-v1 1.8.5+6d9989f349
	   |-- fabric-data-generation-api-v1 22.5.2+a0fab30c49
	   |-- fabric-dimensions-v1 4.0.17+3e6c1f7d49
	   |-- fabric-entity-events-v1 2.1.0+3ce7866349
	   |-- fabric-events-interaction-v0 4.0.15+64e3057949
	   |-- fabric-game-rule-api-v1 1.0.70+c327076a49
	   |-- fabric-item-api-v1 11.5.0+0620fe4749
	   |-- fabric-item-group-api-v1 4.2.9+3459fc6149
	   |-- fabric-key-binding-api-v1 1.0.63+ecf51cdc49
	   |-- fabric-keybindings-v0 0.2.61+df3654b349
	   |-- fabric-lifecycle-events-v1 2.6.0+230071a049
	   |-- fabric-loot-api-v2 3.0.48+3f89f5a549
	   |-- fabric-loot-api-v3 1.0.36+86c3a9f149
	   |-- fabric-message-api-v1 6.1.0+fe971bba49
	   |-- fabric-model-loading-api-v1 5.2.3+5281b90749
	   |-- fabric-networking-api-v1 4.5.0+775be32c49
	   |-- fabric-object-builder-api-v1 21.1.2+b8d6ba7049
	   |-- fabric-particles-v1 4.1.2+112e550e49
	   |-- fabric-recipe-api-v1 8.1.8+3235ab3249
	   |-- fabric-registry-sync-v0 6.1.22+cd64004349
	   |-- fabric-renderer-api-v1 6.1.2+bdf4842249
	   |-- fabric-renderer-indigo 3.1.2+5281b90749
	   |-- fabric-rendering-data-attachment-v1 0.3.64+73761d2e49
	   |-- fabric-rendering-fluids-v1 3.1.27+86c3a9f149
	   |-- fabric-rendering-v1 11.3.0+a272b33849
	   |-- fabric-resource-conditions-api-v1 5.0.21+73a52b4b49
	   |-- fabric-resource-loader-v0 3.1.7+847e5f5c49
	   |-- fabric-screen-api-v1 2.0.46+86c3a9f149
	   |-- fabric-screen-handler-api-v1 1.3.129+c327076a49
	   |-- fabric-sound-api-v1 1.0.38+86c3a9f149
	   |-- fabric-tag-api-v1 1.0.17+ecf51cdc49
	   |-- fabric-transfer-api-v1 5.4.24+7b20cbb049
	   \-- fabric-transitive-access-wideners-v1 6.3.17+f17a180c49
	- fabricloader 0.19.3
	   \-- mixinextras 0.5.4
	- food-health-hunger 1.0.0
	- fortress-besieged 0.1.0
	- iris 1.8.11+mc1.21.5
	   |-- io_github_douira_glsl-transformer 2.0.1
	   |-- org_anarres_jcpp 1.4.14
	   \-- org_antlr_antlr4-runtime 4.13.1
	- jade 18.2.0+fabric
	- java 21
	- minecraft 1.21.5
	- mousetweaks 2.27
	- player-block-status 0.3.3
	- progressive-enchanting 1.0.0
	- refugee 0.3.0
	- searchables 1.0.3
	- sodium 0.6.13+mc1.21.5
	- terrarium 0.0.3-beta.1+1.21.5
	- travel-business-team 1.0.0
[17:34:38] [main/INFO]: SpongePowered MIXIN Subsystem Version=0.8.7 Source=file:/E:/Game/Minecraft/.minecraft/libraries/net/fabricmc/sponge-mixin/0.17.3+mixin.0.8.7/sponge-mixin-0.17.3+mixin.0.8.7.jar Service=Knot/Fabric Env=CLIENT
[17:34:38] [main/INFO]: Compatibility level set to JAVA_21
[17:34:39] [main/WARN]: Reference map 'iris.refmap.json' for mixins.iris.json could not be read. If this is a development environment you can ignore this message
[17:34:39] [main/WARN]: Reference map 'iris-fabric.refmap.json' for mixins.iris.fabric.json could not be read. If this is a development environment you can ignore this message
[17:34:39] [main/WARN]: Reference map 'iris.refmap.json' for iris-batched-entity-rendering.mixins.json could not be read. If this is a development environment you can ignore this message
[17:34:39] [main/WARN]: Reference map 'iris.refmap.json' for mixins.iris.fantastic.json could not be read. If this is a development environment you can ignore this message
[17:34:39] [main/WARN]: Reference map 'iris.refmap.json' for mixins.iris.vertexformat.json could not be read. If this is a development environment you can ignore this message
[17:34:39] [main/WARN]: Reference map 'iris.refmap.json' for mixins.iris.bettermipmaps.json could not be read. If this is a development environment you can ignore this message
[17:34:39] [main/WARN]: Reference map 'iris.refmap.json' for mixins.iris.compat.sodium.json could not be read. If this is a development environment you can ignore this message
[17:34:39] [main/WARN]: Reference map 'iris.refmap.json' for mixins.iris.fixes.maxfpscrash.json could not be read. If this is a development environment you can ignore this message
[17:34:39] [main/INFO]: Loaded configuration file for Sodium: 43 options available, 1 override(s) found
[17:34:39] [main/WARN]: Force-disabling mixin 'features.render.world.sky.FogRendererMixin' as rule 'mixin.features.render.world.sky' (added by mods [iris]) disables it and children
[17:34:39] [main/WARN]: Force-disabling mixin 'features.render.world.sky.ClientLevelMixin' as rule 'mixin.features.render.world.sky' (added by mods [iris]) disables it and children
[17:34:39] [main/WARN]: Force-disabling mixin 'features.render.world.sky.LevelRendererMixin' as rule 'mixin.features.render.world.sky' (added by mods [iris]) disables it and children
[17:34:39] [main/INFO]: Searching for graphics cards...
[17:34:40] [main/INFO]: Found graphics adapter: AdapterInfo{vendor=NVIDIA, description='NVIDIA GeForce RTX 4060 Laptop GPU', adapterType=0x0000231B, openglIcdFilePath='C:\WINDOWS\System32\DriverStore\FileRepository\nvtfi.inf_amd64_f89b497afcb722a5\nvoglv64.dll', openglIcdVersion=32.0.16.1062}
[17:34:40] [main/WARN]: Sodium has applied one or more workarounds to prevent crashes or other issues on your system: [NVIDIA_THREADED_OPTIMIZATIONS_BROKEN]
[17:34:40] [main/WARN]: This is not necessarily an issue, but it may result in certain features or optimizations being disabled. You can sometimes fix these issues by upgrading your graphics driver.
[17:34:40] [main/INFO]: Initializing MixinExtras via com.llamalad7.mixinextras.service.MixinExtrasServiceImpl(version=0.5.4).
[17:34:42] [Datafixer Bootstrap/INFO]: 263 Datafixer optimizations took 1344 milliseconds
[17:34:48] [main/INFO]: Wrote default food-health-hunger config to E:\Game\Minecraft\.minecraft\versions\最后的避难所\config\food-health-hunger.json
[17:34:48] [Render thread/INFO]: Environment: Environment[sessionHost=https://sessionserver.mojang.com, servicesHost=https://api.minecraftservices.com, name=PROD]
[17:34:48] [Render thread/INFO]: Setting user: luoweifengx
[17:34:48] [Render thread/INFO]: Loaded food-health-hunger config from E:\Game\Minecraft\.minecraft\versions\最后的避难所\config\food-health-hunger.json
[17:34:48] [Render thread/INFO]: Food-Health-Hunger initialized
[17:34:48] [Render thread/INFO]: [siege path] wrote default config E:\Game\Minecraft\.minecraft\versions\最后的避难所\config\fortress-besieged-pathfinding.json
[17:34:48] [Render thread/INFO]: [siege behavior] wrote default config E:\Game\Minecraft\.minecraft\versions\最后的避难所\config\fortress-besieged-behavior.json
[17:34:48] [Render thread/INFO]: [siege cluster] wrote default config E:\Game\Minecraft\.minecraft\versions\最后的避难所\config\fortress-besieged-clusters.json (14 templates)
[17:34:48] [Render thread/INFO]: [wilderness cluster] wrote default config E:\Game\Minecraft\.minecraft\versions\最后的避难所\config\fortress-besieged-wilderness.json (14 templates)
[17:34:48] [Render thread/INFO]: Fortress Besieged siege cluster system initialized
[17:34:48] [Render thread/INFO]: Wrote default territory config to E:\Game\Minecraft\.minecraft\versions\最后的避难所\config\player-block-status.json
[17:34:48] [Render thread/INFO]: Territory event handler registered
[17:34:48] [Render thread/INFO]: Player Block Status lib initialized
[17:34:48] [Render thread/INFO]: Wrote default progressive-enchanting config to E:\Game\Minecraft\.minecraft\versions\最后的避难所\config\progressive-enchanting.json
[17:34:48] [Render thread/INFO]: Progressive Enchanting initialized
[17:34:48] [Render thread/INFO]: Terrarium Loaded
[17:34:49] [Render thread/INFO]: Travel Business Team initialized
[17:34:49] [Render thread/INFO]: [Indigo] Different rendering plugin detected; not applying Indigo.
[17:34:49] [Render thread/INFO]: [STDOUT]: [Mouse Tweaks] Main.initialize()
[17:34:49] [Render thread/INFO]: [STDOUT]: [Mouse Tweaks] Generating the config file at: E:\Game\Minecraft\.minecraft\versions\最后的避难所\config\MouseTweaks.cfg
[17:34:49] [Render thread/INFO]: [STDOUT]: [Mouse Tweaks] Created the config file.
[17:34:49] [Render thread/INFO]: [STDOUT]: [Mouse Tweaks] Initialized.
[17:34:49] [Render thread/INFO]: Backend library: LWJGL version 3.3.3-snapshot
[17:34:49] [Render thread/INFO]: Modifying process environment to apply workarounds for the NVIDIA graphics driver...
[17:34:50] [Render thread/INFO]: Debug functionality is disabled.
[17:34:50] [Render thread/INFO]: ARB_direct_state_access detected, enabling DSA.
[17:34:50] [Render thread/INFO]: Shaders are disabled because no valid shaderpack is selected
[17:34:50] [Render thread/INFO]: OpenGL Vendor: NVIDIA Corporation
[17:34:50] [Render thread/INFO]: OpenGL Renderer: NVIDIA GeForce RTX 4060 Laptop GPU/PCIe/SSE2
[17:34:50] [Render thread/INFO]: OpenGL Version: 3.2.0 NVIDIA 610.62
[17:34:50] [Render thread/INFO]: Modifying OpenGL context to apply workarounds for the NVIDIA graphics driver...
[17:34:50] [Render thread/INFO]: Enabling GL_DEBUG_OUTPUT_SYNCHRONOUS to force the NVIDIA driver to disable threadedcommand submission
[17:34:50] [Render thread/INFO]: Using optional rendering extensions: GL_KHR_debug, GL_ARB_vertex_attrib_binding, GL_ARB_direct_state_access
[17:34:51] [Render thread/INFO]: Hardware information:
[17:34:51] [Render thread/INFO]: CPU: 16x 12th Gen Intel(R) Core(TM) i5-12500H
[17:34:51] [Render thread/INFO]: GPU: NVIDIA GeForce RTX 4060 Laptop GPU/PCIe/SSE2 (Supports OpenGL 3.2.0 NVIDIA 610.62)
[17:34:51] [Render thread/INFO]: OS: Windows 11 (10.0)
[17:34:51] [Render thread/INFO]: Reloading ResourceManager: vanilla, fabric, appleskin, cloth-config, controlling, fabric-api, fabric-api-base, fabric-api-lookup-api-v1, fabric-biome-api-v1, fabric-block-api-v1, fabric-block-view-api-v2, fabric-blockrenderlayer-v1, fabric-client-tags-api-v1, fabric-command-api-v1, fabric-command-api-v2, fabric-commands-v0, fabric-content-registries-v0, fabric-convention-tags-v1, fabric-convention-tags-v2, fabric-crash-report-info-v1, fabric-data-attachment-api-v1, fabric-data-generation-api-v1, fabric-dimensions-v1, fabric-entity-events-v1, fabric-events-interaction-v0, fabric-game-rule-api-v1, fabric-item-api-v1, fabric-item-group-api-v1, fabric-key-binding-api-v1, fabric-keybindings-v0, fabric-lifecycle-events-v1, fabric-loot-api-v2, fabric-loot-api-v3, fabric-message-api-v1, fabric-model-loading-api-v1, fabric-networking-api-v1, fabric-object-builder-api-v1, fabric-particles-v1, fabric-recipe-api-v1, fabric-registry-sync-v0, fabric-renderer-api-v1, fabric-renderer-indigo, fabric-rendering-data-attachment-v1, fabric-rendering-fluids-v1, fabric-rendering-v1, fabric-resource-conditions-api-v1, fabric-resource-loader-v0, fabric-screen-api-v1, fabric-screen-handler-api-v1, fabric-sound-api-v1, fabric-tag-api-v1, fabric-transfer-api-v1, fabric-transitive-access-wideners-v1, fabricloader, food-health-hunger, fortress-besieged, iris, jade, player-block-status, progressive-enchanting, refugee, searchables, sodium, terrarium, travel-business-team, food-health-hunger:custom_gui
[17:34:51] [Worker-Main-13/INFO]: Found unifont_all_no_pua-16.0.01.hex, loading
[17:34:51] [Worker-Main-11/INFO]: Found unifont_jp_patch-16.0.01.hex, loading
[17:34:51] [ForkJoinPool.commonPool-worker-1/WARN]: [Iris Update Check] This version doesn't have an update index, skipping.
[17:34:51] [Render thread/INFO]: Start loading plugin from Jade: snownee.jade.addon.core.CorePlugin
[17:34:52] [Render thread/INFO]: Start loading plugin from Jade: snownee.jade.addon.vanilla.VanillaPlugin
[17:34:52] [Render thread/INFO]: Start loading plugin from Jade: snownee.jade.addon.universal.UniversalPlugin
[17:34:52] [Render thread/INFO]: Start loading plugin from Jade: snownee.jade.addon.access.AccessibilityPlugin
[17:34:52] [Render thread/INFO]: Start loading plugin from Jade: snownee.jade.addon.debug.DebugPlugin
[17:34:52] [Render thread/WARN]: minecraft:pipeline/entity_translucent_emissive shader program does not use sampler Sampler2 defined in the pipeline. This might be a bug.
[17:34:52] [Render thread/INFO]: OpenAL initialized on device OpenAL Soft on G24H2 (NVIDIA High Definition Audio)
[17:34:52] [Render thread/INFO]: Sound engine started
[17:34:53] [Render thread/INFO]: Created: 1024x512x4 minecraft:textures/atlas/blocks.png-atlas
[17:34:53] [Render thread/INFO]: Created: 256x256x4 minecraft:textures/atlas/signs.png-atlas
[17:34:53] [Render thread/INFO]: Created: 512x512x4 minecraft:textures/atlas/shield_patterns.png-atlas
[17:34:53] [Render thread/INFO]: Created: 512x512x4 minecraft:textures/atlas/banner_patterns.png-atlas
[17:34:53] [Render thread/INFO]: Created: 2048x1024x4 minecraft:textures/atlas/armor_trims.png-atlas
[17:34:53] [Render thread/INFO]: Created: 128x64x4 minecraft:textures/atlas/decorated_pot.png-atlas
[17:34:53] [Render thread/INFO]: Created: 256x256x4 minecraft:textures/atlas/chest.png-atlas
[17:34:53] [Render thread/INFO]: Created: 512x256x4 minecraft:textures/atlas/shulker_boxes.png-atlas
[17:34:53] [Render thread/INFO]: Created: 512x256x4 minecraft:textures/atlas/beds.png-atlas
[17:34:53] [Render thread/INFO]: Created: 64x64x0 minecraft:textures/atlas/map_decorations.png-atlas
[17:34:53] [Render thread/INFO]: Created: 512x256x0 minecraft:textures/atlas/particles.png-atlas
[17:34:53] [Render thread/INFO]: Created: 512x256x0 minecraft:textures/atlas/paintings.png-atlas
[17:34:53] [Render thread/INFO]: Created: 256x128x0 minecraft:textures/atlas/mob_effects.png-atlas
[17:34:53] [Render thread/INFO]: Created: 1024x1024x0 minecraft:textures/atlas/gui.png-atlas
[17:34:53] [Render thread/INFO]: Creating pipeline for dimension minecraft:overworld
[17:36:13] [Render thread/INFO]: Loaded 1380 recipes
[17:36:13] [Render thread/INFO]: Loaded 1493 advancements
[18:23:03] [Render thread/INFO]: Applied 0 biome modifications to 0 of 65 new biomes in 4.292 ms
[18:23:03] [Server thread/INFO]: Starting integrated minecraft server version 1.21.5
[18:23:03] [Server thread/INFO]: Generating keypair
[18:23:07] [Server thread/INFO]: Preparing start region for dimension minecraft:overworld
[18:23:07] [Render thread/INFO]: 准备生成区域中：2%
[18:23:08] [Render thread/INFO]: 准备生成区域中：2%
[18:23:08] [Render thread/INFO]: 准备生成区域中：18%
[18:23:09] [Render thread/INFO]: 准备生成区域中：18%
[18:23:09] [Render thread/INFO]: 准备生成区域中：51%
[18:23:10] [Render thread/INFO]: 准备生成区域中：51%
[18:23:10] [Render thread/INFO]: Time elapsed: 2987 ms
[18:23:10] [Server thread/INFO]: Organization provider chain ready (external empty + internal)
[18:23:10] [Server thread/INFO]: [team] initial create 'TBT-1' (1e7abf3a-7bda-4c93-bd6b-010b03dafc69)
[18:23:10] [Server thread/INFO]: Changing view distance to 12, from 10
[18:23:10] [Server thread/INFO]: Changing simulation distance to 12, from 0
[18:23:12] [Server thread/INFO]: [spawn] team 'TBT-1' skipped: subject list is empty
[18:23:13] [Server thread/INFO]: luoweifengx[local:E:4f557922] logged in with entity id 28 at (0.5, 99.0, 0.5)
[18:23:13] [Render thread/INFO]: Reloading pipeline on dimension change: minecraft:overworld => minecraft:overworld
[18:23:13] [Render thread/INFO]: Destroying pipeline minecraft:overworld
[18:23:13] [Render thread/INFO]: Creating pipeline for dimension minecraft:overworld
[18:23:13] [Server thread/INFO]: luoweifengx加入了游戏
[18:23:13] [Render thread/INFO]: Started 10 worker threads
[18:23:13] [Render thread/INFO]: Loaded 6 advancements
[18:23:14] [Render thread/INFO]: Received config from the server: {}
[18:23:33] [Server thread/INFO]: [pbs] tracked block removed at (102, 123, -169) chunk=[6, -11] placedCount=82 dirtyCount=1
[18:23:40] [Render thread/INFO]: [System] [CHAT] 未知或不完整的命令。错误见下
[18:23:40] [Render thread/INFO]: [System] [CHAT] ...ick sprint<--[此处]
[18:23:47] [Server thread/INFO]: [luoweifengx: 游戏加速运行中]
[18:23:47] [Render thread/INFO]: [System] [CHAT] 游戏加速运行中
[18:23:49] [Server thread/INFO]: [pbs] tracked block removed at (-169, 81, -153) chunk=[-11, -10] placedCount=176 dirtyCount=2
[18:23:56] [Server thread/INFO]: [pbs infect] borders=0 sampled=0 skipped=0 checked=0 changed=0
[18:23:56] [Server thread/INFO]: [pbs infect] borders=0 sampled=0 skipped=0 checked=0 changed=0
[18:23:56] [Server thread/INFO]: [pbs infect] borders=0 sampled=0 skipped=0 checked=0 changed=0
[18:23:56] [Server thread/INFO]: [pbs infect] borders=0 sampled=0 skipped=0 checked=0 changed=0
[18:23:56] [Server thread/INFO]: [pbs infect] borders=0 sampled=0 skipped=0 checked=0 changed=0
[18:23:56] [Server thread/INFO]: [pbs infect] borders=0 sampled=0 skipped=0 checked=0 changed=0
[18:24:08] [Server thread/INFO]: [pbs daily] scheduling async recompute for minecraft:overworld on day 1 (dirtyChunks=2): [-11, -10], [6, -11]
[18:24:08] [ForkJoinPool-3-worker-1/INFO]: [pbs daily][[6, -11]] score compute: placedBlocks=82 stayScores={} modifiers={} blockScorePerBlock=20 totals={}
[18:24:08] [ForkJoinPool-3-worker-2/INFO]: [pbs daily][[-11, -10]] score compute: placedBlocks=176 stayScores={} modifiers={} blockScorePerBlock=20 totals={}
[18:24:08] [ForkJoinPool-3-worker-1/INFO]: [pbs daily][[-11, -10]] base state: NATURAL -> NATURAL org=null threshold=1000
[18:24:08] [ForkJoinPool-3-worker-1/INFO]: [pbs daily][[6, -11]] base state: NATURAL -> NATURAL org=null threshold=1000
[18:24:08] [Server thread/INFO]: [pbs daily][[6, -11]] applied: NATURAL -> NATURAL changed=false org=null placedBlocks=82 stay={} modifiers={} scores={}
[18:24:08] [Server thread/INFO]: [pbs daily][[-11, -10]] applied: NATURAL -> NATURAL changed=false org=null placedBlocks=176 stay={} modifiers={} scores={}
[18:24:08] [Server thread/INFO]: [pbs daily] completed for minecraft:overworld (day=1, dirtyChunks=2, recomputed=2, stateChanged=0, lastDailyDay=1)
[18:24:08] [Server thread/INFO]: [pbs daily] recomputed chunks: [-11, -10], [6, -11]
[18:24:08] [Server thread/INFO]: [pbs daily] state changed chunks: (none)
[18:24:19] [Server thread/INFO]: [pbs infect] borders=0 sampled=0 skipped=0 checked=0 changed=0
[18:24:19] [Server thread/INFO]: [pbs infect] borders=0 sampled=0 skipped=0 checked=0 changed=0
[18:24:19] [Server thread/INFO]: [pbs infect] borders=0 sampled=0 skipped=0 checked=0 changed=0
[18:24:19] [Server thread/INFO]: [pbs infect] borders=0 sampled=0 skipped=0 checked=0 changed=0
[18:24:19] [Server thread/INFO]: [pbs infect] borders=0 sampled=0 skipped=0 checked=0 changed=0
[18:24:19] [Server thread/INFO]: [pbs infect] borders=0 sampled=0 skipped=0 checked=0 changed=0
[18:24:25] [Server thread/INFO]: [pbs] tracked block removed at (-167, 80, -153) chunk=[-11, -10] placedCount=175 dirtyCount=1
[18:24:28] [Server thread/INFO]: [spawn] team 'TBT-1' completed full cycle with no eligible subject
[18:24:29] [Server thread/INFO]: [pbs daily] scheduling async recompute for minecraft:overworld on day 2 (dirtyChunks=1): [-11, -10]
[18:24:29] [ForkJoinPool-3-worker-1/INFO]: [pbs daily][[-11, -10]] score compute: placedBlocks=175 stayScores={} modifiers={} blockScorePerBlock=20 totals={}
[18:24:29] [ForkJoinPool-3-worker-1/INFO]: [pbs daily][[-11, -10]] base state: NATURAL -> NATURAL org=null threshold=1000
[18:24:29] [Server thread/INFO]: [pbs daily][[-11, -10]] applied: NATURAL -> NATURAL changed=false org=null placedBlocks=175 stay={} modifiers={} scores={}
[18:24:29] [Server thread/INFO]: [pbs daily] completed for minecraft:overworld (day=2, dirtyChunks=1, recomputed=1, stateChanged=0, lastDailyDay=2)
[18:24:29] [Server thread/INFO]: [pbs daily] recomputed chunks: [-11, -10]
[18:24:29] [Server thread/INFO]: [pbs daily] state changed chunks: (none)
[18:24:39] [Server thread/INFO]: [pbs infect] borders=0 sampled=0 skipped=0 checked=0 changed=0
[18:24:39] [Server thread/INFO]: [pbs infect] borders=0 sampled=0 skipped=0 checked=0 changed=0
[18:24:39] [Server thread/INFO]: [pbs infect] borders=0 sampled=0 skipped=0 checked=0 changed=0
[18:24:39] [Server thread/INFO]: [pbs infect] borders=0 sampled=0 skipped=0 checked=0 changed=0
[18:24:39] [Server thread/INFO]: [pbs infect] borders=0 sampled=0 skipped=0 checked=0 changed=0
[18:24:39] [Server thread/INFO]: [pbs infect] borders=0 sampled=0 skipped=0 checked=0 changed=0
[18:24:56] [Server thread/INFO]: [spawn] team 'TBT-1' completed full cycle with no eligible subject
[18:24:59] [Server thread/INFO]: [pbs infect] borders=0 sampled=0 skipped=0 checked=0 changed=0
[18:24:59] [Server thread/INFO]: [pbs infect] borders=0 sampled=0 skipped=0 checked=0 changed=0
[18:24:59] [Server thread/INFO]: [pbs infect] borders=0 sampled=0 skipped=0 checked=0 changed=0
[18:24:59] [Server thread/INFO]: [pbs infect] borders=0 sampled=0 skipped=0 checked=0 changed=0
[18:24:59] [Server thread/INFO]: [pbs infect] borders=0 sampled=0 skipped=0 checked=0 changed=0
[18:24:59] [Server thread/INFO]: [pbs infect] borders=0 sampled=0 skipped=0 checked=0 changed=0
[18:25:19] [Server thread/INFO]: [pbs infect] borders=0 sampled=0 skipped=0 checked=0 changed=0
[18:25:19] [Server thread/INFO]: [pbs infect] borders=0 sampled=0 skipped=0 checked=0 changed=0
[18:25:19] [Server thread/INFO]: [pbs infect] borders=0 sampled=0 skipped=0 checked=0 changed=0
[18:25:19] [Server thread/INFO]: [pbs infect] borders=0 sampled=0 skipped=0 checked=0 changed=0
[18:25:19] [Server thread/INFO]: [pbs infect] borders=0 sampled=0 skipped=0 checked=0 changed=0
[18:25:19] [Server thread/INFO]: [pbs infect] borders=0 sampled=0 skipped=0 checked=0 changed=0
[18:25:32] [Server thread/INFO]: [spawn] team 'TBT-1' completed full cycle with no eligible subject
[18:25:39] [Server thread/INFO]: [pbs infect] borders=0 sampled=0 skipped=0 checked=0 changed=0
[18:25:39] [Server thread/INFO]: [pbs infect] borders=0 sampled=0 skipped=0 checked=0 changed=0
[18:25:39] [Server thread/INFO]: [pbs infect] borders=0 sampled=0 skipped=0 checked=0 changed=0
[18:25:39] [Server thread/INFO]: [pbs infect] borders=0 sampled=0 skipped=0 checked=0 changed=0
[18:25:39] [Server thread/INFO]: [pbs infect] borders=0 sampled=0 skipped=0 checked=0 changed=0
[18:25:39] [Server thread/INFO]: [pbs infect] borders=0 sampled=0 skipped=0 checked=0 changed=0
[18:25:40] [Server thread/INFO]: [spawn] team 'TBT-1' completed full cycle with no eligible subject
[18:25:58] [Server thread/INFO]: [pbs infect] borders=0 sampled=0 skipped=0 checked=0 changed=0
[18:25:58] [Server thread/INFO]: [pbs infect] borders=0 sampled=0 skipped=0 checked=0 changed=0
[18:25:58] [Server thread/INFO]: [pbs infect] borders=0 sampled=0 skipped=0 checked=0 changed=0
[18:25:58] [Server thread/INFO]: [pbs infect] borders=0 sampled=0 skipped=0 checked=0 changed=0
[18:25:58] [Server thread/INFO]: [pbs infect] borders=0 sampled=0 skipped=0 checked=0 changed=0
[18:25:58] [Server thread/INFO]: [pbs infect] borders=0 sampled=0 skipped=0 checked=0 changed=0
[18:26:01] [Server thread/INFO]: [spawn] team 'TBT-1' completed full cycle with no eligible subject
[18:26:15] [Server thread/INFO]: [pbs infect] borders=0 sampled=0 skipped=0 checked=0 changed=0
[18:26:15] [Server thread/INFO]: [pbs infect] borders=0 sampled=0 skipped=0 checked=0 changed=0
[18:26:15] [Server thread/INFO]: [pbs infect] borders=0 sampled=0 skipped=0 checked=0 changed=0
[18:26:15] [Server thread/INFO]: [pbs infect] borders=0 sampled=0 skipped=0 checked=0 changed=0
[18:26:15] [Server thread/INFO]: [pbs infect] borders=0 sampled=0 skipped=0 checked=0 changed=0
[18:26:15] [Server thread/INFO]: [pbs infect] borders=0 sampled=0 skipped=0 checked=0 changed=0
[18:26:23] [Server thread/INFO]: [spawn] team 'TBT-1' completed full cycle with no eligible subject
[18:26:26] [Server thread/INFO]: [pbs] tracked block removed at (-169, 82, -153) chunk=[-11, -10] placedCount=174 dirtyCount=1
[18:26:33] [Server thread/INFO]: [pbs infect] borders=0 sampled=0 skipped=0 checked=0 changed=0
[18:26:33] [Server thread/INFO]: [pbs infect] borders=0 sampled=0 skipped=0 checked=0 changed=0
[18:26:33] [Server thread/INFO]: [pbs infect] borders=0 sampled=0 skipped=0 checked=0 changed=0
[18:26:33] [Server thread/INFO]: [pbs infect] borders=0 sampled=0 skipped=0 checked=0 changed=0
[18:26:33] [Server thread/INFO]: [pbs infect] borders=0 sampled=0 skipped=0 checked=0 changed=0
[18:26:33] [Server thread/INFO]: [pbs infect] borders=0 sampled=0 skipped=0 checked=0 changed=0
[18:26:35] [Server thread/INFO]: [wilderness spawn] spawned player=luoweifengx/8ebfa5ae-32eb-4b8f-b35f-a3e21ebd7520 dim=minecraft:overworld pos=7,102,-29 chunk=0,-2 mobs=8 template=illager_band_small race=illager tier=small stage=journey gameTime=25800
[18:26:39] [Server thread/INFO]: luoweifengx被卫道士杀死了
[18:26:39] [Server thread/INFO]: Villager class_1646['无业'/29, l='ServerLevel[新的世界]', x=-29.40, y=85.00, z=22.61] died, message: '无业被杀死了'
[18:26:39] [Render thread/INFO]: [System] [CHAT] luoweifengx被卫道士杀死了
[18:26:39] [Render thread/INFO]: [System] [CHAT] 一名居民将在加载时死去（剩余 4）
[18:26:39] [Render thread/INFO]: Villager class_1646['无业'/29, l='ClientLevel', x=-29.50, y=85.00, z=22.51] died, message: '无业死了'
[18:26:39] [Render thread/INFO]: Loaded 43 advancements
[18:26:39] [Server thread/INFO]: [spawn] team 'TBT-1' completed full cycle with no eligible subject
[18:26:40] [Server thread/INFO]: [pbs daily] scheduling async recompute for minecraft:overworld on day 9 (dirtyChunks=2): [-11, -10], [-1, 0]
[18:26:40] [ForkJoinPool-3-worker-2/INFO]: [pbs daily][[-11, -10]] score compute: placedBlocks=174 stayScores={} modifiers={} blockScorePerBlock=20 totals={}
[18:26:40] [ForkJoinPool-3-worker-2/INFO]: [pbs daily][[-1, 0]] score compute: placedBlocks=0 stayScores={8ebfa5ae-32eb-4b8f-b35f-a3e21ebd7520=20} modifiers={8ebfa5ae-32eb-4b8f-b35f-a3e21ebd7520=-50} blockScorePerBlock=20 totals={8ebfa5ae-32eb-4b8f-b35f-a3e21ebd7520=-30}
[18:26:40] [ForkJoinPool-3-worker-2/INFO]: [pbs daily][[-1, 0]] base state: NATURAL -> NATURAL org=null threshold=1000
[18:26:40] [ForkJoinPool-3-worker-2/INFO]: [pbs daily][[-11, -10]] base state: NATURAL -> NATURAL org=null threshold=1000
[18:26:40] [Server thread/INFO]: [pbs daily][[-1, 0]] applied: NATURAL -> NATURAL changed=false org=null placedBlocks=0 stay={8ebfa5ae-32eb-4b8f-b35f-a3e21ebd7520=20} modifiers={8ebfa5ae-32eb-4b8f-b35f-a3e21ebd7520=-50} scores={8ebfa5ae-32eb-4b8f-b35f-a3e21ebd7520=-30}
[18:26:40] [Server thread/INFO]: [pbs daily][[-11, -10]] applied: NATURAL -> NATURAL changed=false org=null placedBlocks=174 stay={} modifiers={} scores={}
[18:26:40] [Server thread/INFO]: [pbs daily] completed for minecraft:overworld (day=9, dirtyChunks=2, recomputed=2, stateChanged=0, lastDailyDay=9)
[18:26:40] [Server thread/INFO]: [pbs daily] recomputed chunks: [-11, -10], [-1, 0]
[18:26:40] [Server thread/INFO]: [pbs daily] state changed chunks: (none)
[18:26:40] [Server thread/INFO]: [spawn] team 'TBT-1' completed full cycle with no eligible subject
[18:26:40] [Server thread/INFO]: [pbs infect] borders=0 sampled=0 skipped=0 checked=0 changed=0
[18:26:40] [Server thread/INFO]: [pbs infect] borders=0 sampled=0 skipped=0 checked=0 changed=0
[18:26:40] [Server thread/INFO]: [pbs infect] borders=0 sampled=0 skipped=0 checked=0 changed=0
[18:26:40] [Server thread/INFO]: [pbs infect] borders=0 sampled=0 skipped=0 checked=0 changed=0
[18:26:40] [Server thread/INFO]: [pbs infect] borders=0 sampled=0 skipped=0 checked=0 changed=0
[18:26:40] [Server thread/INFO]: [pbs infect] borders=0 sampled=0 skipped=0 checked=0 changed=0
[18:26:40] [Server thread/INFO]: [pbs infect] borders=0 sampled=0 skipped=0 checked=0 changed=0
[18:26:40] [Server thread/INFO]: [pbs infect] borders=0 sampled=0 skipped=0 checked=0 changed=0
[18:26:40] [Server thread/INFO]: [pbs infect] borders=0 sampled=0 skipped=0 checked=0 changed=0
[18:26:40] [Server thread/INFO]: [pbs infect] borders=0 sampled=0 skipped=0 checked=0 changed=0
[18:26:40] [Server thread/INFO]: [pbs infect] borders=0 sampled=0 skipped=0 checked=0 changed=0
[18:26:40] [Server thread/INFO]: [pbs infect] borders=0 sampled=0 skipped=0 checked=0 changed=0
[18:26:40] [Server thread/INFO]: [spawn] team 'TBT-1' completed full cycle with no eligible subject
[18:26:40] [Server thread/INFO]: [pbs infect] borders=0 sampled=0 skipped=0 checked=0 changed=0
[18:26:40] [Server thread/INFO]: [pbs infect] borders=0 sampled=0 skipped=0 checked=0 changed=0
[18:26:40] [Server thread/INFO]: [pbs infect] borders=0 sampled=0 skipped=0 checked=0 changed=0
[18:26:40] [Server thread/INFO]: [pbs infect] borders=0 sampled=0 skipped=0 checked=0 changed=0
[18:26:40] [Server thread/INFO]: [pbs infect] borders=0 sampled=0 skipped=0 checked=0 changed=0
[18:26:40] [Server thread/INFO]: [pbs infect] borders=0 sampled=0 skipped=0 checked=0 changed=0
[18:26:41] [Server thread/INFO]: 游戏加速已完成，速率为每秒414刻，即每刻2.41毫秒
[18:26:41] [Render thread/INFO]: [System] [CHAT] [Server: 游戏加速已完成，速率为每秒414刻，即每刻2.41毫秒]
[18:26:47] [Render thread/INFO]: Loaded 43 advancements
[18:27:05] [Server thread/INFO]: luoweifengx被卫道士杀死了
[18:27:05] [Server thread/INFO]: Villager class_1646['无业'/38, l='ServerLevel[新的世界]', x=-29.27, y=91.00, z=9.46] died, message: '无业被杀死了'
[18:27:05] [Render thread/INFO]: [System] [CHAT] luoweifengx被卫道士杀死了
[18:27:05] [Render thread/INFO]: [System] [CHAT] 一名居民将在加载时死去（剩余 3）
[18:27:05] [Render thread/INFO]: Villager class_1646['无业'/38, l='ClientLevel', x=-29.21, y=91.00, z=9.51] died, message: '无业死了'
[18:27:17] [Server thread/INFO]: Villager class_1646['无业'/3777, l='ServerLevel[新的世界]', x=-76.17, y=81.00, z=32.30] died, message: '无业被掠夺者射杀'
[18:27:17] [Render thread/INFO]: Villager class_1646['无业'/3777, l='ClientLevel', x=-76.09, y=81.04, z=32.30] died, message: '无业死了'
[18:28:07] [Server thread/INFO]: [luoweifengx: 游戏加速运行中]
[18:28:07] [Render thread/INFO]: [System] [CHAT] 游戏加速运行中
[18:28:09] [Server thread/INFO]: [pbs infect] borders=0 sampled=0 skipped=0 checked=0 changed=0
[18:28:09] [Server thread/INFO]: [pbs infect] borders=0 sampled=0 skipped=0 checked=0 changed=0
[18:28:09] [Server thread/INFO]: [pbs infect] borders=0 sampled=0 skipped=0 checked=0 changed=0
[18:28:09] [Server thread/INFO]: [pbs infect] borders=0 sampled=0 skipped=0 checked=0 changed=0
[18:28:09] [Server thread/INFO]: [pbs infect] borders=0 sampled=0 skipped=0 checked=0 changed=0
[18:28:09] [Server thread/INFO]: [pbs infect] borders=0 sampled=0 skipped=0 checked=0 changed=0
[18:28:11] [Server thread/INFO]: [wilderness spawn] spawned player=luoweifengx/8ebfa5ae-32eb-4b8f-b35f-a3e21ebd7520 dim=minecraft:overworld pos=41,85,12 chunk=2,0 mobs=7 template=undead_roadkill race=undead tier=roadkill stage=journey gameTime=37826
[18:28:17] [Server thread/INFO]: [spawn] team 'TBT-1' completed full cycle with no eligible subject
[18:28:19] [Server thread/INFO]: [pbs daily] scheduling async recompute for minecraft:overworld on day 13 (dirtyChunks=1): [-1, -1]
[18:28:19] [ForkJoinPool-3-worker-4/INFO]: [pbs daily][[-1, -1]] score compute: placedBlocks=0 stayScores={8ebfa5ae-32eb-4b8f-b35f-a3e21ebd7520=2575} modifiers={8ebfa5ae-32eb-4b8f-b35f-a3e21ebd7520=-50} blockScorePerBlock=20 totals={8ebfa5ae-32eb-4b8f-b35f-a3e21ebd7520=2525}
[18:28:19] [ForkJoinPool-3-worker-4/INFO]: [pbs daily][[-1, -1]] base state: NATURAL -> OCCUPIED org=8ebfa5ae-32eb-4b8f-b35f-a3e21ebd7520 threshold=1000
[18:28:19] [Server thread/INFO]: [pbs daily][[-1, -1]] applied: NATURAL -> OCCUPIED changed=true org=8ebfa5ae-32eb-4b8f-b35f-a3e21ebd7520 placedBlocks=0 stay={8ebfa5ae-32eb-4b8f-b35f-a3e21ebd7520=2575} modifiers={8ebfa5ae-32eb-4b8f-b35f-a3e21ebd7520=-50} scores={8ebfa5ae-32eb-4b8f-b35f-a3e21ebd7520=2525}
[18:28:19] [Server thread/INFO]: [pbs daily][[-2, -2]] applied painted BORDER: NATURAL -> BORDER org=8ebfa5ae-32eb-4b8f-b35f-a3e21ebd7520
[18:28:19] [Server thread/INFO]: [pbs daily][[-1, 0]] applied painted BORDER: NATURAL -> BORDER org=8ebfa5ae-32eb-4b8f-b35f-a3e21ebd7520
[18:28:19] [Server thread/INFO]: [pbs daily][[0, -1]] applied painted BORDER: NATURAL -> BORDER org=8ebfa5ae-32eb-4b8f-b35f-a3e21ebd7520
[18:28:19] [Server thread/INFO]: [pbs daily][[0, 0]] applied painted BORDER: NATURAL -> BORDER org=8ebfa5ae-32eb-4b8f-b35f-a3e21ebd7520
[18:28:19] [Server thread/INFO]: [pbs daily][[-2, -1]] applied painted BORDER: NATURAL -> BORDER org=8ebfa5ae-32eb-4b8f-b35f-a3e21ebd7520
[18:28:19] [Server thread/INFO]: [pbs daily][[-2, 0]] applied painted BORDER: NATURAL -> BORDER org=8ebfa5ae-32eb-4b8f-b35f-a3e21ebd7520
[18:28:19] [Server thread/INFO]: [pbs daily][[-1, -2]] applied painted BORDER: NATURAL -> BORDER org=8ebfa5ae-32eb-4b8f-b35f-a3e21ebd7520
[18:28:19] [Server thread/INFO]: [pbs daily][[0, -2]] applied painted BORDER: NATURAL -> BORDER org=8ebfa5ae-32eb-4b8f-b35f-a3e21ebd7520
[18:28:19] [Server thread/INFO]: [pbs daily] completed for minecraft:overworld (day=13, dirtyChunks=1, recomputed=1, stateChanged=9, lastDailyDay=13)
[18:28:19] [Server thread/INFO]: [pbs daily] recomputed chunks: [-1, -1]
[18:28:19] [Server thread/INFO]: [pbs daily] state changed chunks: [-2, -2], [-2, -1], [-2, 0], [-1, -2], [-1, -1], [-1, 0], [0, -2], [0, -1], [0, 0]
[18:28:19] [Server thread/INFO]: luoweifengx取得了进度[此地已成家园]
[18:28:19] [Render thread/INFO]: [System] [CHAT] luoweifengx取得了进度[此地已成家园]
[18:28:19] [Render thread/INFO]: Loaded 43 advancements
[18:28:29] [Server thread/INFO]: [pbs infect] borders=8 sampled=7 skipped=0 checked=80 changed=4
[18:28:29] [Server thread/INFO]: [pbs infect] borders=0 sampled=0 skipped=0 checked=0 changed=0
[18:28:29] [Server thread/INFO]: [pbs infect] borders=0 sampled=0 skipped=0 checked=0 changed=0
[18:28:29] [Server thread/INFO]: [pbs infect] borders=8 sampled=2 skipped=0 checked=68 changed=5
[18:28:29] [Server thread/INFO]: [pbs infect] borders=0 sampled=0 skipped=0 checked=0 changed=0
[18:28:29] [Server thread/INFO]: [pbs infect] borders=0 sampled=0 skipped=0 checked=0 changed=0
[18:28:38] [Server thread/INFO]: [pbs daily] scheduling async recompute for minecraft:overworld on day 14 (dirtyChunks=8): [-2, -2], [-2, -1], [-2, 0], [-1, -2], [-1, 0], [0, -2], [0, -1], [0, 0]
[18:28:38] [ForkJoinPool-3-worker-4/INFO]: [pbs daily][[-2, -1]] score compute: placedBlocks=0 stayScores={} modifiers={} blockScorePerBlock=20 totals={}
[18:28:38] [ForkJoinPool-3-worker-4/INFO]: [pbs daily][[-2, 0]] score compute: placedBlocks=0 stayScores={} modifiers={} blockScorePerBlock=20 totals={}
[18:28:38] [ForkJoinPool-3-worker-4/INFO]: [pbs daily][[0, -2]] score compute: placedBlocks=0 stayScores={} modifiers={} blockScorePerBlock=20 totals={}
[18:28:38] [ForkJoinPool-3-worker-4/INFO]: [pbs daily][[-1, -2]] score compute: placedBlocks=0 stayScores={} modifiers={} blockScorePerBlock=20 totals={}
[18:28:38] [ForkJoinPool-3-worker-4/INFO]: [pbs daily][[-2, -2]] score compute: placedBlocks=0 stayScores={} modifiers={} blockScorePerBlock=20 totals={}
[18:28:38] [ForkJoinPool-3-worker-4/INFO]: [pbs daily][[-1, 0]] score compute: placedBlocks=0 stayScores={8ebfa5ae-32eb-4b8f-b35f-a3e21ebd7520=535} modifiers={8ebfa5ae-32eb-4b8f-b35f-a3e21ebd7520=-50} blockScorePerBlock=20 totals={8ebfa5ae-32eb-4b8f-b35f-a3e21ebd7520=485}
[18:28:38] [ForkJoinPool-3-worker-4/INFO]: [pbs daily][[0, -1]] score compute: placedBlocks=0 stayScores={8ebfa5ae-32eb-4b8f-b35f-a3e21ebd7520=20} modifiers={} blockScorePerBlock=20 totals={8ebfa5ae-32eb-4b8f-b35f-a3e21ebd7520=20}
[18:28:38] [ForkJoinPool-3-worker-5/INFO]: [pbs daily][[0, 0]] score compute: placedBlocks=0 stayScores={8ebfa5ae-32eb-4b8f-b35f-a3e21ebd7520=10} modifiers={} blockScorePerBlock=20 totals={8ebfa5ae-32eb-4b8f-b35f-a3e21ebd7520=10}
[18:28:38] [ForkJoinPool-3-worker-4/INFO]: [pbs daily][[-1, 0]] base state: BORDER -> NATURAL org=null threshold=1000
[18:28:38] [ForkJoinPool-3-worker-4/INFO]: [pbs daily][[-1, 0]] border kept by occupied neighbor (score below return)
[18:28:38] [ForkJoinPool-3-worker-4/INFO]: [pbs daily][[-2, -2]] base state: BORDER -> NATURAL org=null threshold=1000
[18:28:38] [ForkJoinPool-3-worker-4/INFO]: [pbs daily][[-2, -2]] border kept by occupied neighbor (score below return)
[18:28:38] [ForkJoinPool-3-worker-4/INFO]: [pbs daily][[0, -1]] base state: BORDER -> NATURAL org=null threshold=1000
[18:28:38] [ForkJoinPool-3-worker-4/INFO]: [pbs daily][[0, -1]] border kept by occupied neighbor (score below return)
[18:28:38] [ForkJoinPool-3-worker-4/INFO]: [pbs daily][[0, 0]] base state: BORDER -> NATURAL org=null threshold=1000
[18:28:38] [ForkJoinPool-3-worker-4/INFO]: [pbs daily][[0, 0]] border kept by occupied neighbor (score below return)
[18:28:38] [ForkJoinPool-3-worker-4/INFO]: [pbs daily][[-1, -2]] base state: BORDER -> NATURAL org=null threshold=1000
[18:28:38] [ForkJoinPool-3-worker-4/INFO]: [pbs daily][[-1, -2]] border kept by occupied neighbor (score below return)
[18:28:38] [ForkJoinPool-3-worker-4/INFO]: [pbs daily][[0, -2]] base state: BORDER -> NATURAL org=null threshold=1000
[18:28:38] [ForkJoinPool-3-worker-4/INFO]: [pbs daily][[0, -2]] border kept by occupied neighbor (score below return)
[18:28:38] [ForkJoinPool-3-worker-4/INFO]: [pbs daily][[-2, 0]] base state: BORDER -> NATURAL org=null threshold=1000
[18:28:38] [ForkJoinPool-3-worker-4/INFO]: [pbs daily][[-2, 0]] border kept by occupied neighbor (score below return)
[18:28:38] [ForkJoinPool-3-worker-4/INFO]: [pbs daily][[-2, -1]] base state: BORDER -> NATURAL org=null threshold=1000
[18:28:38] [ForkJoinPool-3-worker-4/INFO]: [pbs daily][[-2, -1]] border kept by occupied neighbor (score below return)
[18:28:38] [Server thread/INFO]: [pbs daily][[-1, 0]] applied: BORDER -> BORDER changed=false org=8ebfa5ae-32eb-4b8f-b35f-a3e21ebd7520 placedBlocks=0 stay={8ebfa5ae-32eb-4b8f-b35f-a3e21ebd7520=535} modifiers={8ebfa5ae-32eb-4b8f-b35f-a3e21ebd7520=-50} scores={8ebfa5ae-32eb-4b8f-b35f-a3e21ebd7520=485}
[18:28:38] [Server thread/INFO]: [pbs daily][[-2, -2]] applied: BORDER -> BORDER changed=false org=8ebfa5ae-32eb-4b8f-b35f-a3e21ebd7520 placedBlocks=0 stay={} modifiers={} scores={}
[18:28:38] [Server thread/INFO]: [pbs daily][[0, -1]] applied: BORDER -> BORDER changed=false org=8ebfa5ae-32eb-4b8f-b35f-a3e21ebd7520 placedBlocks=0 stay={8ebfa5ae-32eb-4b8f-b35f-a3e21ebd7520=20} modifiers={} scores={8ebfa5ae-32eb-4b8f-b35f-a3e21ebd7520=20}
[18:28:38] [Server thread/INFO]: [pbs daily][[0, 0]] applied: BORDER -> BORDER changed=false org=8ebfa5ae-32eb-4b8f-b35f-a3e21ebd7520 placedBlocks=0 stay={8ebfa5ae-32eb-4b8f-b35f-a3e21ebd7520=10} modifiers={} scores={8ebfa5ae-32eb-4b8f-b35f-a3e21ebd7520=10}
[18:28:38] [Server thread/INFO]: [pbs daily][[-1, -2]] applied: BORDER -> BORDER changed=false org=8ebfa5ae-32eb-4b8f-b35f-a3e21ebd7520 placedBlocks=0 stay={} modifiers={} scores={}
[18:28:38] [Server thread/INFO]: [pbs daily][[0, -2]] applied: BORDER -> BORDER changed=false org=8ebfa5ae-32eb-4b8f-b35f-a3e21ebd7520 placedBlocks=0 stay={} modifiers={} scores={}
[18:28:38] [Server thread/INFO]: [pbs daily][[-2, 0]] applied: BORDER -> BORDER changed=false org=8ebfa5ae-32eb-4b8f-b35f-a3e21ebd7520 placedBlocks=0 stay={} modifiers={} scores={}
[18:28:38] [Server thread/INFO]: [pbs daily][[-2, -1]] applied: BORDER -> BORDER changed=false org=8ebfa5ae-32eb-4b8f-b35f-a3e21ebd7520 placedBlocks=0 stay={} modifiers={} scores={}
[18:28:38] [Server thread/INFO]: [pbs daily] completed for minecraft:overworld (day=14, dirtyChunks=8, recomputed=8, stateChanged=0, lastDailyDay=14)
[18:28:38] [Server thread/INFO]: [pbs daily] recomputed chunks: [-2, -2], [-2, -1], [-2, 0], [-1, -2], [-1, 0], [0, -2], [0, -1], [0, 0]
[18:28:38] [Server thread/INFO]: [pbs daily] state changed chunks: (none)
[18:28:46] [Server thread/INFO]: Spawned travel merchant for team 'TBT-1' subject 8ebfa5ae-32eb-4b8f-b35f-a3e21ebd7520 at class_2338{x=-8, y=96, z=-8} (tiers=1, companions=3)
[18:28:46] [Server thread/INFO]: [spawn] team 'TBT-1' spawned merchant for subject 8ebfa5ae-32eb-4b8f-b35f-a3e21ebd7520
[18:28:47] [Server thread/INFO]: [pbs infect] borders=8 sampled=4 skipped=0 checked=77 changed=7
[18:28:47] [Server thread/INFO]: [pbs infect] borders=0 sampled=0 skipped=0 checked=0 changed=0
[18:28:47] [Server thread/INFO]: [pbs infect] borders=0 sampled=0 skipped=0 checked=0 changed=0
[18:28:47] [Server thread/INFO]: [pbs infect] borders=8 sampled=6 skipped=0 checked=81 changed=5
[18:28:47] [Server thread/INFO]: [pbs infect] borders=0 sampled=0 skipped=0 checked=0 changed=0
[18:28:47] [Server thread/INFO]: [pbs infect] borders=0 sampled=0 skipped=0 checked=0 changed=0
[18:29:06] [Server thread/INFO]: [pbs infect] borders=8 sampled=5 skipped=0 checked=79 changed=2
[18:29:06] [Server thread/INFO]: [pbs infect] borders=0 sampled=0 skipped=0 checked=0 changed=0
[18:29:06] [Server thread/INFO]: [pbs infect] borders=0 sampled=0 skipped=0 checked=0 changed=0
[18:29:06] [Server thread/INFO]: [pbs infect] borders=8 sampled=6 skipped=0 checked=81 changed=3
[18:29:06] [Server thread/INFO]: [pbs infect] borders=0 sampled=0 skipped=0 checked=0 changed=0
[18:29:06] [Server thread/INFO]: [pbs infect] borders=0 sampled=0 skipped=0 checked=0 changed=0
[18:29:15] [Render thread/INFO]: [System] [CHAT] 7名难民入境了
[18:29:15] [Render thread/INFO]: [System] [CHAT] 一名护士加入了你的居民队伍
[18:29:16] [Render thread/INFO]: [System] [CHAT] 6名难民入境了
[18:29:28] [Server thread/INFO]: [pbs infect] borders=8 sampled=4 skipped=0 checked=77 changed=17
[18:29:28] [Server thread/INFO]: [pbs infect] borders=0 sampled=0 skipped=0 checked=0 changed=0
[18:29:28] [Server thread/INFO]: [pbs infect] borders=0 sampled=0 skipped=0 checked=0 changed=0
[18:29:28] [Server thread/INFO]: [pbs infect] borders=8 sampled=4 skipped=0 checked=76 changed=12
[18:29:28] [Server thread/INFO]: [pbs infect] borders=0 sampled=0 skipped=0 checked=0 changed=0
[18:29:28] [Server thread/INFO]: [pbs infect] borders=0 sampled=0 skipped=0 checked=0 changed=0
[18:29:29] [Server thread/INFO]: 游戏加速已完成，速率为每秒303刻，即每刻3.29毫秒
[18:29:29] [Server thread/INFO]: [luoweifengx: 游戏冻结中]
[18:29:29] [Render thread/INFO]: [System] [CHAT] [Server: 游戏加速已完成，速率为每秒303刻，即每刻3.29毫秒]
[18:29:29] [Render thread/INFO]: [System] [CHAT] 游戏冻结中
[18:29:42] [Server thread/INFO]: Saving and pausing game...
[18:29:42] [Server thread/INFO]: Saving chunks for level 'ServerLevel[新的世界]'/minecraft:overworld
[18:29:42] [Server thread/INFO]: Saving chunks for level 'ServerLevel[新的世界]'/minecraft:the_nether
[18:29:42] [Server thread/INFO]: Saving chunks for level 'ServerLevel[新的世界]'/minecraft:the_end
